Microchip MPLAB XC8 Compiler V1.45 ()

Linker command line:

-W-3 --edf=C:\Program Files (x86)\Microchip\xc8\v1.45\dat\en_msgs.txt -cs \
  -h+dist/default/production\etus_decode.X.production.sym \
  --cmf=dist/default/production\etus_decode.X.production.cmf -z -Q16F1823 \
  -oC:\Users\GILGAM~1\AppData\Local\Temp\s3ns.2 \
  -Mdist/default/production/etus_decode.X.production.map -E1 -ver=XC8 \
  -ASTACK=02063h-0206fh -pstack=STACK -ACODE=00h-07FFh -ASTRCODE=00h-07FFh \
  -ASTRING=00h-0FFhx8 -ACONST=00h-0FFhx8 -AENTRY=00h-0FFhx8 \
  -ACOMMON=070h-07Fh -ABANK0=020h-06Fh -ABANK1=0A0h-0BFh \
  -ABIGRAM=02000h-0206Fh -ARAM=020h-06Fh,0A0h-0BFh \
  -AABS1=020h-07Fh,0A0h-0BFh -ASFR0=00h-01Fh -ASFR1=080h-09Fh \
  -ASFR2=0100h-016Fh -ASFR3=0180h-01EFh -ASFR4=0200h-026Fh \
  -ASFR5=0280h-02EFh -ASFR6=0300h-036Fh -ASFR7=0380h-03EFh \
  -ASFR8=0400h-046Fh -ASFR9=0480h-04EFh -ASFR10=0500h-056Fh \
  -ASFR11=0580h-05EFh -ASFR12=0600h-066Fh -ASFR13=0680h-06EFh \
  -ASFR14=0700h-076Fh -ASFR15=0780h-07EFh -ASFR16=0800h-086Fh \
  -ASFR17=0880h-08EFh -ASFR18=0900h-096Fh -ASFR19=0980h-09EFh \
  -ASFR20=0A00h-0A6Fh -ASFR21=0A80h-0AEFh -ASFR22=0B00h-0B6Fh \
  -ASFR23=0B80h-0BEFh -ASFR24=0C00h-0C6Fh -ASFR25=0C80h-0CEFh \
  -ASFR26=0D00h-0D6Fh -ASFR27=0D80h-0DEFh -ASFR28=0E00h-0E6Fh \
  -ASFR29=0E80h-0EEFh -ASFR30=0F00h-0F6Fh -ASFR31=0F80h-0FEFh \
  -preset_vec=00h,intentry=04h,init,end_init -ppowerup=CODE -pcinit=CODE \
  -pfunctab=ENTRY -ACONFIG=08007h-08008h -pconfig=CONFIG -DCONFIG=2 \
  -AIDLOC=08000h-08003h -pidloc=IDLOC -DIDLOC=2 -AEEDATA=00h-0FFh/0F000h \
  -peeprom_data=EEDATA -DEEDATA=2 -DCODE=2 -DSTRCODE=2 -DSTRING=2 -DCONST=2 \
  -DENTRY=2 -k C:\Users\GILGAM~1\AppData\Local\Temp\s3ns.obj \
  dist/default/production\etus_decode.X.production.obj 

Object code version is 3.11

Machine type is 16F1823



                Name                               Link     Load   Length Selector   Space Scale
C:\Users\GILGAM~1\AppData\Local\Temp\s3ns.obj
                end_init                             1D       1D        1        8       0
                reset_vec                             0        0        1        0       0
                config                             8007     8007        2    1000E       0
dist/default/production\etus_decode.X.production.obj
                cinit                                1E       1E        E        8       0
                intentry                              4        4       19        8       0
                text20                              384      384       51        8       0
                text19                              139      139       CA        8       0
                text17                              50C      50C        C      92C       0
                text16                              454      454       22        8       0
                text15                              4D0      4D0       17      92C       0
                text14                              405      405       2C        8       0
                text13                              320      320       64        8       0
                text12                              3D5      3D5       30        8       0
                text11                               2C       2C      10D        8       0
                text10                              203      203       AA        8       0
                text9                               2AD      2AD       73        8       0
                text8                               4E7      4E7       16      92C       0
                text7                               4B3      4B3       1D      92C       0
                text6                               496      496       1D      92C       0
                text5                               542      542        6      A68       0
                text4                               522      522        A      92C       0
                text3                               431      431       23        8       0
                text2                               4FD      4FD        F      92C       0
                text1                               518      518        A      92C       0
                maintext                            534      534        8      A68       0
                cstackBANK0                          20       20       4A       20       1
                cstackCOMMON                         70       70        E       70       1
                clrtext                             53C      53C        6      A68       0
                bssBANK1                             A0       A0       13       A0       1
                bssBANK0                             6A       6A        4       20       1
                stringtext3                         52C      52C        8      A58       0
                stringtext2                         548      548        4      A90       0
                stringtext1                         476      476       20      8EC       0

TOTAL           Name                               Link     Load   Length     Space
        CLASS   STACK          

        CLASS   CODE           
                end_init                             1D       1D        1         0
                cinit                                1E       1E        E         0
                intentry                              4        4       19         0
                reset_vec                             0        0        1         0
                text20                              384      384       51         0
                text19                              139      139       CA         0
                text17                              50C      50C        C         0
                text16                              454      454       22         0
                text15                              4D0      4D0       17         0
                text14                              405      405       2C         0
                text13                              320      320       64         0
                text12                              3D5      3D5       30         0
                text11                               2C       2C      10D         0
                text10                              203      203       AA         0
                text9                               2AD      2AD       73         0
                text8                               4E7      4E7       16         0
                text7                               4B3      4B3       1D         0
                text6                               496      496       1D         0
                text5                               542      542        6         0
                text4                               522      522        A         0
                text3                               431      431       23         0
                text2                               4FD      4FD        F         0
                text1                               518      518        A         0
                maintext                            534      534        8         0
                clrtext                             53C      53C        6         0

        CLASS   STRCODE        
                stringtext3                         52C      52C        8         0
                stringtext2                         548      548        4         0
                stringtext1                         476      476       20         0

        CLASS   STRING         

        CLASS   CONST          

        CLASS   ENTRY          

        CLASS   COMMON         
                cstackCOMMON                         70       70        E         1

        CLASS   BANK0          
                cstackBANK0                          20       20       4A         1
                bssBANK0                             6A       6A        4         1

        CLASS   BANK1          
                bssBANK1                             A0       A0       13         1

        CLASS   BIGRAM         

        CLASS   RAM            

        CLASS   ABS1           
                abs_s1                               7E       7E        2         1

        CLASS   SFR0           

        CLASS   SFR1           

        CLASS   SFR2           

        CLASS   SFR3           

        CLASS   SFR4           

        CLASS   SFR5           

        CLASS   SFR6           

        CLASS   SFR7           

        CLASS   SFR8           

        CLASS   SFR9           

        CLASS   SFR10          

        CLASS   SFR11          

        CLASS   SFR12          

        CLASS   SFR13          

        CLASS   SFR14          

        CLASS   SFR15          

        CLASS   SFR16          

        CLASS   SFR17          

        CLASS   SFR18          

        CLASS   SFR19          

        CLASS   SFR20          

        CLASS   SFR21          

        CLASS   SFR22          

        CLASS   SFR23          

        CLASS   SFR24          

        CLASS   SFR25          

        CLASS   SFR26          

        CLASS   SFR27          

        CLASS   SFR28          

        CLASS   SFR29          

        CLASS   SFR30          

        CLASS   SFR31          

        CLASS   CONFIG         
                config                             8007     8007        2         0

        CLASS   IDLOC          

        CLASS   EEDATA         

        CLASS   BANK31         

        CLASS   BANK30         

        CLASS   BANK29         

        CLASS   BANK28         

        CLASS   BANK27         

        CLASS   BANK26         

        CLASS   BANK25         

        CLASS   BANK24         

        CLASS   BANK23         

        CLASS   BANK22         

        CLASS   BANK21         

        CLASS   BANK20         

        CLASS   BANK19         

        CLASS   BANK18         

        CLASS   BANK17         

        CLASS   BANK16         

        CLASS   BANK15         

        CLASS   BANK14         

        CLASS   BANK13         

        CLASS   BANK12         

        CLASS   BANK11         

        CLASS   BANK10         

        CLASS   BANK9          

        CLASS   BANK8          

        CLASS   BANK7          

        CLASS   BANK6          

        CLASS   BANK5          

        CLASS   BANK4          

        CLASS   BANK3          

        CLASS   BANK2          



SEGMENTS        Name                           Load    Length   Top    Selector   Space  Class     Delta

                reset_vec                      000000  000001  000001         0       0  CODE        2
                intentry                       000004  000472  000476         8       0  CODE        2
                cstackBANK0                    000020  00004E  00006E        20       1  BANK0       1
                cstackCOMMON                   000070  00000E  00007E        70       1  COMMON      1
                bssBANK1                       0000A0  000013  0000B3        A0       1  BANK1       1
                stringtext1                    000476  000020  000496       8EC       0  STRCODE     2
                text6                          000496  000096  00052C       92C       0  CODE        2
                stringtext3                    00052C  000008  000534       A58       0  STRCODE     2
                maintext                       000534  000014  000548       A68       0  CODE        2
                stringtext2                    000548  000004  00054C       A90       0  STRCODE     2
                config                         008007  000002  008009     1000E       0  CONFIG      2


UNUSED ADDRESS RANGES

        Name                Unused          Largest block    Delta
        BANK0            0006E-0006F               2           1
        BANK1            000B3-000BF               D           1
        BIGRAM           02000-0206F              70           1
        CODE             00001-00003               3           2
                         0054C-007FF             2B4
        CONST            00001-00003               3           2
                         0054C-007FF             100
        EEDATA           0F000-0F0FF             100           2
        ENTRY            00001-00003               3           2
                         0054C-007FF             100
        IDLOC            08000-08003               4           2
        RAM              0006E-0006F               2           1
                         000B3-000BF               D
        SFR0             00000-0001F              20           1
        SFR1             00080-0009F              20           1
        SFR10            00500-0056F              70           1
        SFR11            00580-005EF              70           1
        SFR12            00600-0066F              70           1
        SFR13            00680-006EF              70           1
        SFR14            00700-0076F              70           1
        SFR15            00780-007EF              70           1
        SFR16            00800-0086F              70           1
        SFR17            00880-008EF              70           1
        SFR18            00900-0096F              70           1
        SFR19            00980-009EF              70           1
        SFR2             00100-0016F              70           1
        SFR20            00A00-00A6F              70           1
        SFR21            00A80-00AEF              70           1
        SFR22            00B00-00B6F              70           1
        SFR23            00B80-00BEF              70           1
        SFR24            00C00-00C6F              70           1
        SFR25            00C80-00CEF              70           1
        SFR26            00D00-00D6F              70           1
        SFR27            00D80-00DEF              70           1
        SFR28            00E00-00E6F              70           1
        SFR29            00E80-00EEF              70           1
        SFR3             00180-001EF              70           1
        SFR30            00F00-00F6F              70           1
        SFR31            00F80-00FEF              70           1
        SFR4             00200-0026F              70           1
        SFR5             00280-002EF              70           1
        SFR6             00300-0036F              70           1
        SFR7             00380-003EF              70           1
        SFR8             00400-0046F              70           1
        SFR9             00480-004EF              70           1
        STACK            02063-0206F               D           1
        STRCODE          00001-00003               3           2
                         0054C-007FF             2B4
        STRING           00001-00003               3           2
                         0054C-007FF             100

                                  Symbol Table

?___awdiv                   cstackCOMMON 00070
DEcrypt@_key                cstackBANK0  0002C
DEcrypt@bitk                cstackBANK0  00042
DEcrypt@index               cstackBANK0  00046
DEcrypt@res                 cstackBANK0  00041
DEcrypt@source              cstackBANK0  00048
SPI_send_byte@data          cstackBANK0  00022
SPI_send_string@index       cstackBANK0  00026
SPI_send_string@index_delay cstackBANK0  00027
SPI_send_string@length      cstackBANK0  00023
SPI_send_string@str         cstackBANK0  00025
Uart1SendString@DatLong     cstackBANK0  00025
Uart1SendString@a           cstackBANK0  00027
Uart1SendString@i           cstackBANK0  00028
_ADDEN                      (abs)        00CEB
_APFCON                     (abs)        0011D
_BAUDCON                    (abs)        0019F
_BRG16                      (abs)        00CFB
_BRGH                       (abs)        00CF2
_CREN                       (abs)        00CEC
_CSRC                       (abs)        00CF7
_CUSTOMER_code              stringtext3  0052C
_DEcrypt                    text11       0002C
_FERR                       (abs)        00CEA
_GIE                        (abs)        0005F
_ISR                        intentry     00004
_Init_Uart                  text7        004B3
_NLF                        stringtext1  00476
_OERR                       (abs)        00CE9
_OPTION_REG                 (abs)        00095
_OSCCON                     (abs)        00099
_PIR1                       (abs)        00011
_RC3                        (abs)        00073
_RC5                        (abs)        00075
_RX9                        (abs)        00CEE
_SPBRGH                     (abs)        0019C
_SPBRGL                     (abs)        0019B
_SPEN                       (abs)        00CEF
_SPI_init                   text6        00496
_SPI_send_byte              text17       0050C
_SPI_send_string            text16       00454
_SREN                       (abs)        00CED
_SSP1ADD                    (abs)        00212
_SSP1BUF                    (abs)        00211
_SSP1CON1                   (abs)        00215
_SSP1IF                     (abs)        0008B
_SSP1STAT                   (abs)        00214
_SYNC                       (abs)        00CF4
_T0IE                       (abs)        0005D
_T0IF                       (abs)        0005A
_TMR0                       (abs)        00015
_TMR0IF                     (abs)        0005A
_TRISC                      (abs)        0008E
_TRMT                       (abs)        00CF1
_TX9                        (abs)        00CF6
_TX9D                       (abs)        00CF0
_TXEN                       (abs)        00CF5
_TXREG                      (abs)        0019A
_Uart1SendString            text14       00405
_WDTCON                     (abs)        00097
_WPUC                       (abs)        0020E
__CFG_BOREN$ON              (abs)        00000
__CFG_CP$ON                 (abs)        00000
__CFG_CPD$OFF               (abs)        00000
__CFG_FCMEN$ON              (abs)        00000
__CFG_FOSC$INTOSC           (abs)        00000
__CFG_IESO$OFF              (abs)        00000
__CFG_LVP$OFF               (abs)        00000
__CFG_MCLRE$OFF             (abs)        00000
__CFG_PLLEN$OFF             (abs)        00000
__CFG_PWRTE$ON              (abs)        00000
__CFG_WDTE$ON               (abs)        00000
__Habs1                     abs1         00000
__Hbank0                    bank0        00000
__Hbank1                    bank1        00000
__Hbank10                   bank10       00000
__Hbank11                   bank11       00000
__Hbank12                   bank12       00000
__Hbank13                   bank13       00000
__Hbank14                   bank14       00000
__Hbank15                   bank15       00000
__Hbank16                   bank16       00000
__Hbank17                   bank17       00000
__Hbank18                   bank18       00000
__Hbank19                   bank19       00000
__Hbank2                    bank2        00000
__Hbank20                   bank20       00000
__Hbank21                   bank21       00000
__Hbank22                   bank22       00000
__Hbank23                   bank23       00000
__Hbank24                   bank24       00000
__Hbank25                   bank25       00000
__Hbank26                   bank26       00000
__Hbank27                   bank27       00000
__Hbank28                   bank28       00000
__Hbank29                   bank29       00000
__Hbank3                    bank3        00000
__Hbank30                   bank30       00000
__Hbank31                   bank31       00000
__Hbank4                    bank4        00000
__Hbank5                    bank5        00000
__Hbank6                    bank6        00000
__Hbank7                    bank7        00000
__Hbank8                    bank8        00000
__Hbank9                    bank9        00000
__Hbigram                   bigram       00000
__HbssBANK0                 bssBANK0     00000
__HbssBANK1                 bssBANK1     00000
__Hcinit                    cinit        0002C
__Hclrtext                  clrtext      00000
__Hcode                     code         00000
__Hcommon                   common       00000
__Hconfig                   config       08009
__HcstackBANK0              cstackBANK0  00000
__HcstackCOMMON             cstackCOMMON 00000
__Heeprom_data              eeprom_data  00000
__Hend_init                 end_init     0001E
__Hfunctab                  functab      00000
__Hidloc                    idloc        00000
__Hinit                     init         0001D
__Hintentry                 intentry     0001D
__Hmaintext                 maintext     00000
__Hpowerup                  powerup      00000
__Hram                      ram          00000
__Hreset_vec                reset_vec    00001
__Hsfr0                     sfr0         00000
__Hsfr1                     sfr1         00000
__Hsfr10                    sfr10        00000
__Hsfr11                    sfr11        00000
__Hsfr12                    sfr12        00000
__Hsfr13                    sfr13        00000
__Hsfr14                    sfr14        00000
__Hsfr15                    sfr15        00000
__Hsfr16                    sfr16        00000
__Hsfr17                    sfr17        00000
__Hsfr18                    sfr18        00000
__Hsfr19                    sfr19        00000
__Hsfr2                     sfr2         00000
__Hsfr20                    sfr20        00000
__Hsfr21                    sfr21        00000
__Hsfr22                    sfr22        00000
__Hsfr23                    sfr23        00000
__Hsfr24                    sfr24        00000
__Hsfr25                    sfr25        00000
__Hsfr26                    sfr26        00000
__Hsfr27                    sfr27        00000
__Hsfr28                    sfr28        00000
__Hsfr29                    sfr29        00000
__Hsfr3                     sfr3         00000
__Hsfr30                    sfr30        00000
__Hsfr31                    sfr31        00000
__Hsfr4                     sfr4         00000
__Hsfr5                     sfr5         00000
__Hsfr6                     sfr6         00000
__Hsfr7                     sfr7         00000
__Hsfr8                     sfr8         00000
__Hsfr9                     sfr9         00000
__Hspace_0                  (abs)        08009
__Hspace_1                  (abs)        000B3
__Hspace_2                  (abs)        00000
__Hspace_3                  (abs)        00000
__Hstack                    stack        00000
__Hstrings                  strings      00000
__Hstringtext1              stringtext1  00000
__Hstringtext2              stringtext2  00000
__Hstringtext3              stringtext3  00000
__Htext                     text         00000
__Labs1                     abs1         00000
__Lbank0                    bank0        00000
__Lbank1                    bank1        00000
__Lbank10                   bank10       00000
__Lbank11                   bank11       00000
__Lbank12                   bank12       00000
__Lbank13                   bank13       00000
__Lbank14                   bank14       00000
__Lbank15                   bank15       00000
__Lbank16                   bank16       00000
__Lbank17                   bank17       00000
__Lbank18                   bank18       00000
__Lbank19                   bank19       00000
__Lbank2                    bank2        00000
__Lbank20                   bank20       00000
__Lbank21                   bank21       00000
__Lbank22                   bank22       00000
__Lbank23                   bank23       00000
__Lbank24                   bank24       00000
__Lbank25                   bank25       00000
__Lbank26                   bank26       00000
__Lbank27                   bank27       00000
__Lbank28                   bank28       00000
__Lbank29                   bank29       00000
__Lbank3                    bank3        00000
__Lbank30                   bank30       00000
__Lbank31                   bank31       00000
__Lbank4                    bank4        00000
__Lbank5                    bank5        00000
__Lbank6                    bank6        00000
__Lbank7                    bank7        00000
__Lbank8                    bank8        00000
__Lbank9                    bank9        00000
__Lbigram                   bigram       00000
__LbssBANK0                 bssBANK0     00000
__LbssBANK1                 bssBANK1     00000
__Lcinit                    cinit        0001E
__Lclrtext                  clrtext      00000
__Lcode                     code         00000
__Lcommon                   common       00000
__Lconfig                   config       08007
__LcstackBANK0              cstackBANK0  00000
__LcstackCOMMON             cstackCOMMON 00000
__Leeprom_data              eeprom_data  00000
__Lend_init                 end_init     0001D
__Lfunctab                  functab      00000
__Lidloc                    idloc        00000
__Linit                     init         0001D
__Lintentry                 intentry     00004
__Lmaintext                 maintext     00000
__Lpowerup                  powerup      00000
__Lram                      ram          00000
__Lreset_vec                reset_vec    00000
__Lsfr0                     sfr0         00000
__Lsfr1                     sfr1         00000
__Lsfr10                    sfr10        00000
__Lsfr11                    sfr11        00000
__Lsfr12                    sfr12        00000
__Lsfr13                    sfr13        00000
__Lsfr14                    sfr14        00000
__Lsfr15                    sfr15        00000
__Lsfr16                    sfr16        00000
__Lsfr17                    sfr17        00000
__Lsfr18                    sfr18        00000
__Lsfr19                    sfr19        00000
__Lsfr2                     sfr2         00000
__Lsfr20                    sfr20        00000
__Lsfr21                    sfr21        00000
__Lsfr22                    sfr22        00000
__Lsfr23                    sfr23        00000
__Lsfr24                    sfr24        00000
__Lsfr25                    sfr25        00000
__Lsfr26                    sfr26        00000
__Lsfr27                    sfr27        00000
__Lsfr28                    sfr28        00000
__Lsfr29                    sfr29        00000
__Lsfr3                     sfr3         00000
__Lsfr30                    sfr30        00000
__Lsfr31                    sfr31        00000
__Lsfr4                     sfr4         00000
__Lsfr5                     sfr5         00000
__Lsfr6                     sfr6         00000
__Lsfr7                     sfr7         00000
__Lsfr8                     sfr8         00000
__Lsfr9                     sfr9         00000
__Lspace_0                  (abs)        00000
__Lspace_1                  (abs)        00000
__Lspace_2                  (abs)        00000
__Lspace_3                  (abs)        00000
__Lstack                    stack        00000
__Lstrings                  strings      00000
__Lstringtext1              stringtext1  00000
__Lstringtext2              stringtext2  00000
__Lstringtext3              stringtext3  00000
__Ltext                     text         00000
__S0                        (abs)        08009
__S1                        (abs)        000B3
__S2                        (abs)        00000
__S3                        (abs)        00000
___awdiv                    text20       00384
___awdiv@counter            cstackCOMMON 00075
___awdiv@dividend           cstackCOMMON 00072
___awdiv@divisor            cstackCOMMON 00070
___awdiv@quotient           cstackCOMMON 00077
___awdiv@sign               cstackCOMMON 00076
___int_sp                   stack        00000
___latbits                  (abs)        00000
___sp                       stack        00000
__end_of_CUSTOMER_code      stringtext3  00534
__end_of_DEcrypt            text11       00139
__end_of_ISR                intentry     0001D
__end_of_Init_Uart          text7        004D0
__end_of_NLF                stringtext1  00496
__end_of_SPI_init           text6        004B3
__end_of_SPI_send_byte      text17       00518
__end_of_SPI_send_string    text16       00476
__end_of_Uart1SendString    text14       00431
__end_of___awdiv            text20       003D5
__end_of__initialization    cinit        00029
__end_of_data_construct     text13       00384
__end_of_even_check         text15       004E7
__end_of_getBit             text12       00405
__end_of_init_fosc          text5        00548
__end_of_init_timer0        text4        0052C
__end_of_main               maintext     0053C
__end_of_main_process       text8        004FD
__end_of_remote_gkey        text10       002AD
__end_of_remote_hits        text9        00320
__end_of_remote_init        text3        00454
__end_of_remote_timer_task  text19       00203
__end_of_sav_key            stringtext2  0054C
__end_of_sys_init           text2        0050C
__end_of_sys_task           text1        00522
__initialization            cinit        0001E
__pbssBANK0                 bssBANK0     0006A
__pbssBANK1                 bssBANK1     000A0
__pcstackBANK0              cstackBANK0  00020
__pcstackCOMMON             cstackCOMMON 00070
__pintentry                 intentry     00004
__pmaintext                 maintext     00534
__pstringtext1              stringtext1  00476
__pstringtext2              stringtext2  00548
__pstringtext3              stringtext3  0052C
__ptext1                    text1        00518
__ptext10                   text10       00203
__ptext11                   text11       0002C
__ptext12                   text12       003D5
__ptext13                   text13       00320
__ptext14                   text14       00405
__ptext15                   text15       004D0
__ptext16                   text16       00454
__ptext17                   text17       0050C
__ptext19                   text19       00139
__ptext2                    text2        004FD
__ptext20                   text20       00384
__ptext3                    text3        00431
__ptext4                    text4        00522
__ptext5                    text5        00542
__ptext6                    text6        00496
__ptext7                    text7        004B3
__ptext8                    text8        004E7
__ptext9                    text9        002AD
__size_of_DEcrypt           (abs)        00000
__size_of_ISR               (abs)        00000
__size_of_Init_Uart         (abs)        00000
__size_of_SPI_init          (abs)        00000
__size_of_SPI_send_byte     (abs)        00000
__size_of_SPI_send_string   (abs)        00000
__size_of_Uart1SendString   (abs)        00000
__size_of___awdiv           (abs)        00000
__size_of_data_construct    (abs)        00000
__size_of_even_check        (abs)        00000
__size_of_getBit            (abs)        00000
__size_of_init_fosc         (abs)        00000
__size_of_init_timer0       (abs)        00000
__size_of_main              (abs)        00000
__size_of_main_process      (abs)        00000
__size_of_remote_gkey       (abs)        00000
__size_of_remote_hits       (abs)        00000
__size_of_remote_init       (abs)        00000
__size_of_remote_timer_task (abs)        00000
__size_of_sys_init          (abs)        00000
__size_of_sys_task          (abs)        00000
_data_construct             text13       00320
_de_code                    bssBANK0     0006D
_even_check                 text15       004D0
_getBit                     text12       003D5
_init_fosc                  text5        00542
_init_timer0                text4        00522
_main                       maintext     00534
_main_process               text8        004E7
_remote_gkey                text10       00203
_remote_hits                text9        002AD
_remote_init                text3        00431
_remote_timer_task          text19       00139
_remoter                    bssBANK1     000A0
_sys_cnt                    bssBANK0     0006A
_sys_ctrl                   bssBANK1     000AE
_sys_init                   text2        004FD
_sys_task                   text1        00518
btemp                       (abs)        0007E
clear_ram0                  clrtext      0053C
data_construct@buf          cstackBANK0  0002D
data_construct@index        cstackBANK0  0002C
data_construct@temp_buf     cstackBANK0  00024
end_of_initialization       cinit        00029
even_check@data             cstackBANK0  00024
even_check@res              cstackBANK0  00023
getBit@btidx                cstackBANK0  0002B
getBit@byidx                cstackBANK0  0002A
getBit@n                    cstackBANK0  00024
getBit@source               cstackBANK0  00022
int$flags                   (abs)        0007E
intlevel0                   functab      00000
intlevel1                   functab      00000
intlevel2                   functab      00000
intlevel3                   functab      00000
intlevel4                   functab      00000
intlevel5                   functab      00000
main_process@buf            cstackBANK0  0005E
remote_gkey@index           cstackBANK0  00025
remote_gkey@pbuf            cstackBANK0  00024
remote_hits@buf             cstackBANK0  0004B
remote_hits@index           cstackBANK0  0005C
remote_hits@lrn_buf         cstackBANK0  0004C
remote_hits@rf_buf          cstackBANK0  00054
remote_init@index           cstackBANK0  00023
remote_timer_task@btidx     cstackCOMMON 0007D
remote_timer_task@byidx     cstackCOMMON 0007C
remote_timer_task@lv_cnt    bssBANK0     0006C
remote_timer_task@tp_cnt    bssBANK0     0006B
reset_vec                   reset_vec    00000
stackhi                     (abs)        0206F
stacklo                     (abs)        02063
start                       init         0001D
start_initialization        cinit        0001E
wtemp0                      (abs)        0007E


FUNCTION INFORMATION:

 *************** function _main *****************
 Defined at:
		line 34 in file "source/main.c"
 Parameters:    Size  Location     Type
  argc            2   70[BANK0 ] int 
  argv            2   72[BANK0 ] PTR PTR unsigned char 
 Auto vars:     Size  Location     Type
		None
 Return value:  Size  Location     Type
                  2   70[BANK0 ] int 
 Registers used:
		wreg, fsr0l, fsr0h, fsr1l, fsr1h, status,2, status,0, pclath, cstack
 Tracked objects:
		On entry : 
		On exit  : 
		Unchanged: 
 Data sizes:     COMMON   BANK0   BANK1
      Params:         0       4       0
      Locals:         0       0       0
      Temps:          0       0       0
      Totals:         0       4       0
Total ram usage:        4 bytes
 Hardware stack levels required when called:    7
 This function calls:
		_main_process
		_sys_init
		_sys_task
 This function is called by:
		Startup code after reset
 This function uses a non-reentrant model


 *************** function _sys_task *****************
 Defined at:
		line 26 in file "source/timer.c"
 Parameters:    Size  Location     Type
		None
 Auto vars:     Size  Location     Type
		None
 Return value:  Size  Location     Type
                  1    wreg      unsigned char 
 Registers used:
		wreg, status,2
 Tracked objects:
		On entry : 
		On exit  : 
		Unchanged: 
 Data sizes:     COMMON   BANK0   BANK1
      Params:         0       0       0
      Locals:         0       0       0
      Temps:          0       0       0
      Totals:         0       0       0
Total ram usage:        0 bytes
 Hardware stack levels used:    1
 Hardware stack levels required when called:    3
 This function calls:
		Nothing
 This function is called by:
		_main
 This function uses a non-reentrant model


 *************** function _sys_init *****************
 Defined at:
		line 43 in file "source/main.c"
 Parameters:    Size  Location     Type
		None
 Auto vars:     Size  Location     Type
		None
 Return value:  Size  Location     Type
                  1    wreg      void 
 Registers used:
		wreg, fsr1l, fsr1h, status,2, status,0, pclath, cstack
 Tracked objects:
		On entry : 
		On exit  : 
		Unchanged: 
 Data sizes:     COMMON   BANK0   BANK1
      Params:         0       0       0
      Locals:         0       0       0
      Temps:          0       0       0
      Totals:         0       0       0
Total ram usage:        0 bytes
 Hardware stack levels used:    1
 Hardware stack levels required when called:    4
 This function calls:
		_Init_Uart
		_SPI_init
		_init_fosc
		_init_timer0
		_remote_init
 This function is called by:
		_main
 This function uses a non-reentrant model


 *************** function _remote_init *****************
 Defined at:
		line 15 in file "source/remote.c"
 Parameters:    Size  Location     Type
		None
 Auto vars:     Size  Location     Type
  index           1    3[BANK0 ] unsigned char 
 Return value:  Size  Location     Type
                  1    wreg      void 
 Registers used:
		wreg, fsr1l, fsr1h, status,2, status,0
 Tracked objects:
		On entry : 
		On exit  : 
		Unchanged: 
 Data sizes:     COMMON   BANK0   BANK1
      Params:         0       0       0
      Locals:         0       1       0
      Temps:          0       1       0
      Totals:         0       2       0
Total ram usage:        2 bytes
 Hardware stack levels used:    1
 Hardware stack levels required when called:    3
 This function calls:
		Nothing
 This function is called by:
		_sys_init
 This function uses a non-reentrant model


 *************** function _init_timer0 *****************
 Defined at:
		line 8 in file "source/timer.c"
 Parameters:    Size  Location     Type
		None
 Auto vars:     Size  Location     Type
		None
 Return value:  Size  Location     Type
                  1    wreg      void 
 Registers used:
		wreg
 Tracked objects:
		On entry : 
		On exit  : 
		Unchanged: 
 Data sizes:     COMMON   BANK0   BANK1
      Params:         0       0       0
      Locals:         0       0       0
      Temps:          0       0       0
      Totals:         0       0       0
Total ram usage:        0 bytes
 Hardware stack levels used:    1
 Hardware stack levels required when called:    3
 This function calls:
		Nothing
 This function is called by:
		_sys_init
 This function uses a non-reentrant model


 *************** function _init_fosc *****************
 Defined at:
		line 5 in file "source/clkset.c"
 Parameters:    Size  Location     Type
		None
 Auto vars:     Size  Location     Type
		None
 Return value:  Size  Location     Type
                  1    wreg      void 
 Registers used:
		wreg
 Tracked objects:
		On entry : 
		On exit  : 
		Unchanged: 
 Data sizes:     COMMON   BANK0   BANK1
      Params:         0       0       0
      Locals:         0       0       0
      Temps:          0       0       0
      Totals:         0       0       0
Total ram usage:        0 bytes
 Hardware stack levels used:    1
 Hardware stack levels required when called:    3
 This function calls:
		Nothing
 This function is called by:
		_sys_init
 This function uses a non-reentrant model


 *************** function _SPI_init *****************
 Defined at:
		line 4 in file "source/SPI.c"
 Parameters:    Size  Location     Type
		None
 Auto vars:     Size  Location     Type
		None
 Return value:  Size  Location     Type
                  1    wreg      void 
 Registers used:
		wreg, status,2, status,0
 Tracked objects:
		On entry : 
		On exit  : 
		Unchanged: 
 Data sizes:     COMMON   BANK0   BANK1
      Params:         0       0       0
      Locals:         0       0       0
      Temps:          0       1       0
      Totals:         0       1       0
Total ram usage:        1 bytes
 Hardware stack levels used:    1
 Hardware stack levels required when called:    3
 This function calls:
		Nothing
 This function is called by:
		_sys_init
 This function uses a non-reentrant model


 *************** function _Init_Uart *****************
 Defined at:
		line 11 in file "source/usart.c"
 Parameters:    Size  Location     Type
		None
 Auto vars:     Size  Location     Type
		None
 Return value:  Size  Location     Type
                  1    wreg      void 
 Registers used:
		wreg
 Tracked objects:
		On entry : 
		On exit  : 
		Unchanged: 
 Data sizes:     COMMON   BANK0   BANK1
      Params:         0       0       0
      Locals:         0       0       0
      Temps:          0       0       0
      Totals:         0       0       0
Total ram usage:        0 bytes
 Hardware stack levels used:    1
 Hardware stack levels required when called:    3
 This function calls:
		Nothing
 This function is called by:
		_sys_init
 This function uses a non-reentrant model


 *************** function _main_process *****************
 Defined at:
		line 55 in file "source/main.c"
 Parameters:    Size  Location     Type
		None
 Auto vars:     Size  Location     Type
  buf             8   62[BANK0 ] unsigned char [8]
 Return value:  Size  Location     Type
                  1    wreg      void 
 Registers used:
		wreg, fsr0l, fsr0h, fsr1l, fsr1h, status,2, status,0, pclath, cstack
 Tracked objects:
		On entry : 
		On exit  : 
		Unchanged: 
 Data sizes:     COMMON   BANK0   BANK1
      Params:         0       0       0
      Locals:         0       8       0
      Temps:          0       1       0
      Totals:         0       9       0
Total ram usage:        9 bytes
 Hardware stack levels used:    1
 Hardware stack levels required when called:    6
 This function calls:
		_SPI_send_string
		_Uart1SendString
		_data_construct
		_remote_hits
 This function is called by:
		_main
 This function uses a non-reentrant model


 *************** function _remote_hits *****************
 Defined at:
		line 117 in file "source/remote.c"
 Parameters:    Size  Location     Type
  buf             1    wreg     PTR unsigned char 
		 -> main_process@buf(8), 
 Auto vars:     Size  Location     Type
  buf             1   43[BANK0 ] PTR unsigned char 
		 -> main_process@buf(8), 
  rf_buf          8   52[BANK0 ] unsigned char [8]
  lrn_buf         8   44[BANK0 ] unsigned char [8]
  index           1   60[BANK0 ] unsigned char 
 Return value:  Size  Location     Type
                  1    wreg      unsigned char 
 Registers used:
		wreg, fsr0l, fsr0h, fsr1l, fsr1h, status,2, status,0, pclath, cstack
 Tracked objects:
		On entry : 
		On exit  : 
		Unchanged: 
 Data sizes:     COMMON   BANK0   BANK1
      Params:         0       0       0
      Locals:         0      18       0
      Temps:          0       2       0
      Totals:         0      20       0
Total ram usage:       20 bytes
 Hardware stack levels used:    1
 Hardware stack levels required when called:    5
 This function calls:
		_DEcrypt
		_remote_gkey
 This function is called by:
		_main_process
 This function uses a non-reentrant model


 *************** function _remote_gkey *****************
 Defined at:
		line 71 in file "source/remote.c"
 Parameters:    Size  Location     Type
  pbuf            1    wreg     PTR unsigned char 
		 -> remote_hits@rf_buf(8), 
 Auto vars:     Size  Location     Type
  pbuf            1    4[BANK0 ] PTR unsigned char 
		 -> remote_hits@rf_buf(8), 
  index           1    5[BANK0 ] unsigned char 
 Return value:  Size  Location     Type
                  1    wreg      unsigned char 
 Registers used:
		wreg, fsr0l, fsr0h, fsr1l, fsr1h, status,2, status,0
 Tracked objects:
		On entry : 
		On exit  : 
		Unchanged: 
 Data sizes:     COMMON   BANK0   BANK1
      Params:         0       0       0
      Locals:         0       2       0
      Temps:          0       2       0
      Totals:         0       4       0
Total ram usage:        4 bytes
 Hardware stack levels used:    1
 Hardware stack levels required when called:    3
 This function calls:
		Nothing
 This function is called by:
		_remote_hits
 This function uses a non-reentrant model


 *************** function _DEcrypt *****************
 Defined at:
		line 79 in file "source/keeloq.c"
 Parameters:    Size  Location     Type
  source          1    wreg     PTR unsigned char 
		 -> remote_hits@lrn_buf(8), remote_hits@rf_buf(8), 
  _key            2   12[BANK0 ] PTR unsigned char 
		 -> CUSTOMER_code(8), remote_hits@lrn_buf(8), 
 Auto vars:     Size  Location     Type
  source          1   40[BANK0 ] PTR unsigned char 
		 -> remote_hits@lrn_buf(8), remote_hits@rf_buf(8), 
  bitk            4   34[BANK0 ] unsigned char [4]
  index           2   38[BANK0 ] unsigned short 
  res             1   33[BANK0 ] unsigned char 
 Return value:  Size  Location     Type
                  1    wreg      PTR unsigned char 
 Registers used:
		wreg, fsr0l, fsr0h, fsr1l, fsr1h, status,2, status,0, pclath, cstack
 Tracked objects:
		On entry : 
		On exit  : 
		Unchanged: 
 Data sizes:     COMMON   BANK0   BANK1
      Params:         0       2       0
      Locals:         0       8       0
      Temps:          0      19       0
      Totals:         0      29       0
Total ram usage:       29 bytes
 Hardware stack levels used:    1
 Hardware stack levels required when called:    4
 This function calls:
		_getBit
 This function is called by:
		_remote_hits
 This function uses a non-reentrant model


 *************** function _getBit *****************
 Defined at:
		line 105 in file "source/keeloq.c"
 Parameters:    Size  Location     Type
  source          2    2[BANK0 ] PTR unsigned char 
		 -> CUSTOMER_code(8), remote_hits@lrn_buf(8), remote_hits@rf_buf(8), 
  n               2    4[BANK0 ] unsigned short 
 Auto vars:     Size  Location     Type
  btidx           1   11[BANK0 ] unsigned char 
  byidx           1   10[BANK0 ] unsigned char 
 Return value:  Size  Location     Type
                  1    wreg      unsigned char 
 Registers used:
		wreg, fsr0l, fsr0h, status,2, status,0, pclath
 Tracked objects:
		On entry : 
		On exit  : 
		Unchanged: 
 Data sizes:     COMMON   BANK0   BANK1
      Params:         0       4       0
      Locals:         0       2       0
      Temps:          0       4       0
      Totals:         0      10       0
Total ram usage:       10 bytes
 Hardware stack levels used:    1
 Hardware stack levels required when called:    3
 This function calls:
		Nothing
 This function is called by:
		_DEcrypt
		_ENcrypt
 This function uses a non-reentrant model


 *************** function _data_construct *****************
 Defined at:
		line 68 in file "source/main.c"
 Parameters:    Size  Location     Type
  buf             1    wreg     PTR unsigned char 
		 -> main_process@buf(8), 
 Auto vars:     Size  Location     Type
  buf             1   13[BANK0 ] PTR unsigned char 
		 -> main_process@buf(8), 
  temp_buf        8    4[BANK0 ] unsigned char [8]
  index           1   12[BANK0 ] unsigned char 
 Return value:  Size  Location     Type
                  1    wreg      void 
 Registers used:
		wreg, fsr1l, fsr1h, status,2, status,0
 Tracked objects:
		On entry : 
		On exit  : 
		Unchanged: 
 Data sizes:     COMMON   BANK0   BANK1
      Params:         0       0       0
      Locals:         0      10       0
      Temps:          0       2       0
      Totals:         0      12       0
Total ram usage:       12 bytes
 Hardware stack levels used:    1
 Hardware stack levels required when called:    3
 This function calls:
		Nothing
 This function is called by:
		_main_process
 This function uses a non-reentrant model


 *************** function _Uart1SendString *****************
 Defined at:
		line 58 in file "source/usart.c"
 Parameters:    Size  Location     Type
  a               1    wreg     PTR unsigned char 
		 -> main_process@buf(8), 
  DatLong         1    5[BANK0 ] unsigned char 
 Auto vars:     Size  Location     Type
  a               1    7[BANK0 ] PTR unsigned char 
		 -> main_process@buf(8), 
  i               1    8[BANK0 ] unsigned char 
 Return value:  Size  Location     Type
                  1    wreg      void 
 Registers used:
		wreg, fsr1l, fsr1h, status,2, status,0, pclath, cstack
 Tracked objects:
		On entry : 
		On exit  : 
		Unchanged: 
 Data sizes:     COMMON   BANK0   BANK1
      Params:         0       1       0
      Locals:         0       2       0
      Temps:          0       1       0
      Totals:         0       4       0
Total ram usage:        4 bytes
 Hardware stack levels used:    1
 Hardware stack levels required when called:    4
 This function calls:
		_even_check
 This function is called by:
		_main_process
 This function uses a non-reentrant model


 *************** function _even_check *****************
 Defined at:
		line 74 in file "source/usart.c"
 Parameters:    Size  Location     Type
  data            1    wreg     unsigned char 
 Auto vars:     Size  Location     Type
  data            1    4[BANK0 ] unsigned char 
  res             1    3[BANK0 ] unsigned char 
 Return value:  Size  Location     Type
                  1    wreg      unsigned char 
 Registers used:
		wreg, status,2, status,0
 Tracked objects:
		On entry : 
		On exit  : 
		Unchanged: 
 Data sizes:     COMMON   BANK0   BANK1
      Params:         0       0       0
      Locals:         0       2       0
      Temps:          0       1       0
      Totals:         0       3       0
Total ram usage:        3 bytes
 Hardware stack levels used:    1
 Hardware stack levels required when called:    3
 This function calls:
		Nothing
 This function is called by:
		_Uart1SendString
		_Uart1SendByte
 This function uses a non-reentrant model


 *************** function _SPI_send_string *****************
 Defined at:
		line 46 in file "source/SPI.c"
 Parameters:    Size  Location     Type
  str             1    wreg     PTR unsigned char 
		 -> main_process@buf(8), 
  length          1    3[BANK0 ] unsigned char 
 Auto vars:     Size  Location     Type
  str             1    5[BANK0 ] PTR unsigned char 
		 -> main_process@buf(8), 
  index_delay     1    7[BANK0 ] unsigned char 
  index           1    6[BANK0 ] unsigned char 
 Return value:  Size  Location     Type
                  1    wreg      void 
 Registers used:
		wreg, fsr1l, fsr1h, status,2, status,0, pclath, cstack
 Tracked objects:
		On entry : 
		On exit  : 
		Unchanged: 
 Data sizes:     COMMON   BANK0   BANK1
      Params:         0       1       0
      Locals:         0       3       0
      Temps:          0       1       0
      Totals:         0       5       0
Total ram usage:        5 bytes
 Hardware stack levels used:    1
 Hardware stack levels required when called:    4
 This function calls:
		_SPI_send_byte
 This function is called by:
		_main_process
 This function uses a non-reentrant model


 *************** function _SPI_send_byte *****************
 Defined at:
		line 37 in file "source/SPI.c"
 Parameters:    Size  Location     Type
  data            1    wreg     unsigned char 
 Auto vars:     Size  Location     Type
  data            1    2[BANK0 ] unsigned char 
 Return value:  Size  Location     Type
                  1    wreg      void 
 Registers used:
		wreg
 Tracked objects:
		On entry : 
		On exit  : 
		Unchanged: 
 Data sizes:     COMMON   BANK0   BANK1
      Params:         0       0       0
      Locals:         0       1       0
      Temps:          0       0       0
      Totals:         0       1       0
Total ram usage:        1 bytes
 Hardware stack levels used:    1
 Hardware stack levels required when called:    3
 This function calls:
		Nothing
 This function is called by:
		_SPI_send_string
 This function uses a non-reentrant model


 *************** function _ISR *****************
 Defined at:
		line 16 in file "source/timer.c"
 Parameters:    Size  Location     Type
		None
 Auto vars:     Size  Location     Type
		None
 Return value:  Size  Location     Type
                  1    wreg      void 
 Registers used:
		wreg, fsr1l, fsr1h, status,2, status,0, pclath, cstack
 Tracked objects:
		On entry : 
		On exit  : 
		Unchanged: 
 Data sizes:     COMMON   BANK0   BANK1
      Params:         0       0       0
      Locals:         0       0       0
      Temps:          0       2       0
      Totals:         0       2       0
Total ram usage:        2 bytes
 Hardware stack levels used:    1
 Hardware stack levels required when called:    2
 This function calls:
		_remote_timer_task
 This function is called by:
		Interrupt level 1
 This function uses a non-reentrant model


 *************** function _remote_timer_task *****************
 Defined at:
		line 31 in file "source/remote.c"
 Parameters:    Size  Location     Type
		None
 Auto vars:     Size  Location     Type
  btidx           1   13[COMMON] unsigned char 
  byidx           1   12[COMMON] unsigned char 
 Return value:  Size  Location     Type
                  1    wreg      void 
 Registers used:
		wreg, fsr1l, fsr1h, status,2, status,0, pclath, cstack
 Tracked objects:
		On entry : 
		On exit  : 
		Unchanged: 
 Data sizes:     COMMON   BANK0   BANK1
      Params:         0       0       0
      Locals:         2       0       0
      Temps:          3       0       0
      Totals:         5       0       0
Total ram usage:        5 bytes
 Hardware stack levels used:    1
 Hardware stack levels required when called:    1
 This function calls:
		___awdiv
 This function is called by:
		_ISR
 This function uses a non-reentrant model


 *************** function ___awdiv *****************
 Defined at:
		line 6 in file "C:\Program Files (x86)\Microchip\xc8\v1.45\sources\common\awdiv.c"
 Parameters:    Size  Location     Type
  divisor         2    0[COMMON] int 
  dividend        2    2[COMMON] int 
 Auto vars:     Size  Location     Type
  quotient        2    7[COMMON] int 
  sign            1    6[COMMON] unsigned char 
  counter         1    5[COMMON] unsigned char 
 Return value:  Size  Location     Type
                  2    0[COMMON] int 
 Registers used:
		wreg, status,2, status,0
 Tracked objects:
		On entry : 
		On exit  : 
		Unchanged: 
 Data sizes:     COMMON   BANK0   BANK1
      Params:         4       0       0
      Locals:         4       0       0
      Temps:          1       0       0
      Totals:         9       0       0
Total ram usage:        9 bytes
 Hardware stack levels used:    1
 This function calls:
		Nothing
 This function is called by:
		_remote_timer_task
 This function uses a non-reentrant model



MODULE INFORMATION

Module		Function		Class		Link	Load	Size
source/timer.c
		_ISR           		CODE           	0004	0000	26
		_sys_task      		CODE           	0518	0000	11
		_init_timer0   		CODE           	0522	0000	11

source/timer.c estimated size: 48

source/remote.c
		_remote_timer_task		CODE           	0139	0000	203
		_remote_init   		CODE           	0431	0000	36
		_remote_gkey   		CODE           	0203	0000	171
		_remote_hits   		CODE           	02AD	0000	116

source/remote.c estimated size: 526

source/main.c
		_sys_init      		CODE           	04FD	0000	16
		_main          		CODE           	0534	0000	9
		_data_construct		CODE           	0320	0000	101
		_main_process  		CODE           	04E7	0000	23

source/main.c estimated size: 149

source/clkset.c
		_init_fosc     		CODE           	0542	0000	7

source/clkset.c estimated size: 7

source/keeloq.c
		_DEcrypt       		CODE           	002C	0000	270
		_getBit        		CODE           	03D5	0000	49

source/keeloq.c estimated size: 319

source/usart.c
		_Init_Uart     		CODE           	04B3	0000	30
		_even_check    		CODE           	04D0	0000	24
		_Uart1SendString		CODE           	0405	0000	45

source/usart.c estimated size: 99

source/SPI.c
		_SPI_init      		CODE           	0496	0000	30
		_SPI_send_byte 		CODE           	050C	0000	13
		_SPI_send_string		CODE           	0454	0000	35

source/SPI.c estimated size: 78

shared
		_sav_key       		STRCODE        	0000	0000	0
		_CUSTOMER_code 		STRCODE        	052C	0000	9
		__initialization		CODE           	001E	0000	12
		_NLF           		STRCODE        	0476	0000	33

shared estimated size: 54

C:\Program Files (x86)\Microchip\xc8\v1.45\sources\common\awdiv.c
		___awdiv       		CODE           	0384	0000	82

C:\Program Files (x86)\Microchip\xc8\v1.45\sources\common\awdiv.c estimated size: 82

