Microchip MPLAB XC8 Compiler V1.45 ()

Linker command line:

-W-3 --edf=C:\Program Files (x86)\Microchip\xc8\v1.45\dat\en_msgs.txt -cs \
  -h+dist/default/production\Tti_indoor_pad.X.production.sym \
  --cmf=dist/default/production\Tti_indoor_pad.X.production.cmf -z \
  -Q16F1824 -oC:\Users\GILGAM~1\AppData\Local\Temp\s39g.2 \
  -Mdist/default/production/Tti_indoor_pad.X.production.map -E1 -ver=XC8 \
  -ASTACK=0208Eh-020efh -pstack=STACK -ACODE=00h-07FFhx2 \
  -ASTRCODE=00h-0FFFh -ASTRING=00h-0FFhx16 -ACONST=00h-0FFhx16 \
  -AENTRY=00h-0FFhx16 -ACOMMON=070h-07Fh -ABANK0=020h-06Fh \
  -ABANK1=0A0h-0EFh -ABANK2=0120h-016Fh -ABIGRAM=02000h-020EFh \
  -ARAM=020h-06Fh,0A0h-0EFh,0120h-016Fh \
  -AABS1=020h-07Fh,0A0h-0EFh,0120h-016Fh -ASFR0=00h-01Fh -ASFR1=080h-09Fh \
  -ASFR2=0100h-011Fh -ASFR3=0180h-01EFh -ASFR4=0200h-026Fh \
  -ASFR5=0280h-02EFh -ASFR6=0300h-036Fh -ASFR7=0380h-03EFh \
  -ASFR8=0400h-046Fh -ASFR9=0480h-04EFh -ASFR10=0500h-056Fh \
  -ASFR11=0580h-05EFh -ASFR12=0600h-066Fh -ASFR13=0680h-06EFh \
  -ASFR14=0700h-076Fh -ASFR15=0780h-07EFh -ASFR16=0800h-086Fh \
  -ASFR17=0880h-08EFh -ASFR18=0900h-096Fh -ASFR19=0980h-09EFh \
  -ASFR20=0A00h-0A6Fh -ASFR21=0A80h-0AEFh -ASFR22=0B00h-0B6Fh \
  -ASFR23=0B80h-0BEFh -ASFR24=0C00h-0C6Fh -ASFR25=0C80h-0CEFh \
  -ASFR26=0D00h-0D6Fh -ASFR27=0D80h-0DEFh -ASFR28=0E00h-0E6Fh \
  -ASFR29=0E80h-0EEFh -ASFR30=0F00h-0F6Fh -ASFR31=0F80h-0FEFh \
  -preset_vec=00h,intentry=04h,init,end_init -ppowerup=CODE -pcinit=CODE \
  -pfunctab=ENTRY -ACONFIG=08007h-08008h -pconfig=CONFIG -DCONFIG=2 \
  -AIDLOC=08000h-08003h -pidloc=IDLOC -DIDLOC=2 -AEEDATA=00h-0FFh/0F000h \
  -peeprom_data=EEDATA -DEEDATA=2 -DCODE=2 -DSTRCODE=2 -DSTRING=2 -DCONST=2 \
  -DENTRY=2 -k C:\Users\GILGAM~1\AppData\Local\Temp\s39g.obj \
  dist/default/production\Tti_indoor_pad.X.production.obj 

Object code version is 3.11

Machine type is 16F1824



                Name                               Link     Load   Length Selector   Space Scale
C:\Users\GILGAM~1\AppData\Local\Temp\s39g.obj
                end_init                             38       38        2        8       0
                reset_vec                             0        0        2        0       0
                config                             8007     8007        2    1000E       0
dist/default/production\Tti_indoor_pad.X.production.obj
                cinit                                3A       3A       1C        8       0
                intentry                              4        4       34        8       0
                text34                              EE7      EE7       51     1DCE       0
                text33                              59A      59A       DD        8       0
                text31                              C1B      C1B        3     1836       0
                text30                              C67      C67       17     18CE       0
                text29                              C96      C96       19     192C       0
                text28                              CAF      CAF       1B     195E       0
                text27                              E23      E23       36     1C46       0
                text26                              CE6      CE6       1F     19CC       0
                text25                              D47      D47       24     1A8E       0
                text24                              47D      47D      11D        8       0
                text23                              D6B      D6B       2C     1AD6       0
                text22                              DC4      DC4       2F     1B88       0
                text21                              F38      F38       59     1E70       0
                text20                               56       56      1BA        8       0
                text19                              C1E      C1E        3     183C       0
                text18                              DF3      DF3       30     1BE6       0
                text17                              35B      35B      122        8       0
                text16                              D97      D97       2D     1B2E       0
                text15                              C21      C21        3     1842       0
                text14                              C24      C24        3     1848       0
                text13                              D05      D05       21     1A0A       0
                text12                              C27      C27        6     184E       0
                text11                              C39      C39        A     1872       0
                text10                              C57      C57       10     18AE       0
                text9                               D26      D26       21     1A4C       0
                text8                               E59      E59       45     1CB2       0
                text7                               CCA      CCA       1C     1994       0
                text6                               C43      C43        A     1886       0
                text5                               F91      F91       6F     1F22       0
                text4                               E9E      E9E       49     1D3C       0
                text3                               210      210      14B        8       0
                text2                               743      743       BB        8       0
                text1                               677      677       CC        8       0
                maintext                            C7E      C7E       18     18FC       0
                cstackBANK0                          20       20       41       20       1
                cstackCOMMON                         70       70        E       70       1
                clrtext                             C2D      C2D        6     185A       0
                inittext                            C33      C33        6     1866       0
                dataBANK1                            D4       D4        A       A0       1
                bssBANK1                             A0       A0       34       A0       1
                bssBANK0                             61       61        5       20       1
                stringtext2                         81E      81E        8      FFC       0
                stringtext1                         7FE      7FE       20      FFC       0
                idataBANK1                          C4D      C4D        A     189A       0

TOTAL           Name                               Link     Load   Length     Space
        CLASS   STACK          

        CLASS   CODE           
                end_init                             38       38        2         0
                cinit                                3A       3A       1C         0
                intentry                              4        4       34         0
                reset_vec                             0        0        2         0
                text34                              EE7      EE7       51         0
                text33                              59A      59A       DD         0
                text31                              C1B      C1B        3         0
                text30                              C67      C67       17         0
                text29                              C96      C96       19         0
                text28                              CAF      CAF       1B         0
                text27                              E23      E23       36         0
                text26                              CE6      CE6       1F         0
                text25                              D47      D47       24         0
                text24                              47D      47D      11D         0
                text23                              D6B      D6B       2C         0
                text22                              DC4      DC4       2F         0
                text21                              F38      F38       59         0
                text20                               56       56      1BA         0
                text19                              C1E      C1E        3         0
                text18                              DF3      DF3       30         0
                text17                              35B      35B      122         0
                text16                              D97      D97       2D         0
                text15                              C21      C21        3         0
                text14                              C24      C24        3         0
                text13                              D05      D05       21         0
                text12                              C27      C27        6         0
                text11                              C39      C39        A         0
                text10                              C57      C57       10         0
                text9                               D26      D26       21         0
                text8                               E59      E59       45         0
                text7                               CCA      CCA       1C         0
                text6                               C43      C43        A         0
                text5                               F91      F91       6F         0
                text4                               E9E      E9E       49         0
                text3                               210      210      14B         0
                text2                               743      743       BB         0
                text1                               677      677       CC         0
                maintext                            C7E      C7E       18         0
                clrtext                             C2D      C2D        6         0
                inittext                            C33      C33        6         0
                idataBANK1                          C4D      C4D        A         0

        CLASS   STRCODE        
                stringtext2                         81E      81E        8         0
                stringtext1                         7FE      7FE       20         0

        CLASS   STRING         

        CLASS   CONST          

        CLASS   ENTRY          

        CLASS   COMMON         
                cstackCOMMON                         70       70        E         1

        CLASS   BANK0          
                cstackBANK0                          20       20       41         1
                bssBANK0                             61       61        5         1

        CLASS   BANK1          
                dataBANK1                            D4       D4        A         1
                bssBANK1                             A0       A0       34         1

        CLASS   BANK2          

        CLASS   BIGRAM         

        CLASS   RAM            

        CLASS   ABS1           
                abs_s1                               7E       7E        2         1

        CLASS   SFR0           

        CLASS   SFR1           

        CLASS   SFR2           

        CLASS   SFR3           

        CLASS   SFR4           

        CLASS   SFR5           

        CLASS   SFR6           

        CLASS   SFR7           

        CLASS   SFR8           

        CLASS   SFR9           

        CLASS   SFR10          

        CLASS   SFR11          

        CLASS   SFR12          

        CLASS   SFR13          

        CLASS   SFR14          

        CLASS   SFR15          

        CLASS   SFR16          

        CLASS   SFR17          

        CLASS   SFR18          

        CLASS   SFR19          

        CLASS   SFR20          

        CLASS   SFR21          

        CLASS   SFR22          

        CLASS   SFR23          

        CLASS   SFR24          

        CLASS   SFR25          

        CLASS   SFR26          

        CLASS   SFR27          

        CLASS   SFR28          

        CLASS   SFR29          

        CLASS   SFR30          

        CLASS   SFR31          

        CLASS   CONFIG         
                config                             8007     8007        2         0

        CLASS   IDLOC          

        CLASS   EEDATA         

        CLASS   BANK31         

        CLASS   BANK30         

        CLASS   BANK29         

        CLASS   BANK28         

        CLASS   BANK27         

        CLASS   BANK26         

        CLASS   BANK25         

        CLASS   BANK24         

        CLASS   BANK23         

        CLASS   BANK22         

        CLASS   BANK21         

        CLASS   BANK20         

        CLASS   BANK19         

        CLASS   BANK18         

        CLASS   BANK17         

        CLASS   BANK16         

        CLASS   BANK15         

        CLASS   BANK14         

        CLASS   BANK13         

        CLASS   BANK12         

        CLASS   BANK11         

        CLASS   BANK10         

        CLASS   BANK9          

        CLASS   BANK8          

        CLASS   BANK7          

        CLASS   BANK6          

        CLASS   BANK5          

        CLASS   BANK4          

        CLASS   BANK3          



SEGMENTS        Name                           Load    Length   Top    Selector   Space  Class     Delta

                reset_vec                      000000  000002  000002         0       0  CODE        2
                intentry                       000004  0007FA  0007FE         8       0  CODE        2
                cstackBANK0                    000020  000046  000066        20       1  BANK0       1
                cstackCOMMON                   000070  00000E  00007E        70       1  COMMON      1
                bssBANK1                       0000A0  00003E  0000DE        A0       1  BANK1       1
                stringtext1                    0007FE  000028  000826       FFC       0  STRCODE     2
                text31                         000C1B  000003  000C1E      1836       0  CODE        2
                text19                         000C1E  000003  000C21      183C       0  CODE        2
                text15                         000C21  000003  000C24      1842       0  CODE        2
                text14                         000C24  000003  000C27      1848       0  CODE        2
                text12                         000C27  000006  000C2D      184E       0  CODE        2
                clrtext                        000C2D  000006  000C33      185A       0  CODE        2
                inittext                       000C33  000006  000C39      1866       0  CODE        2
                text11                         000C39  00000A  000C43      1872       0  CODE        2
                text6                          000C43  00000A  000C4D      1886       0  CODE        2
                idataBANK1                     000C4D  00000A  000C57      189A       0  CODE        2
                text10                         000C57  000010  000C67      18AE       0  CODE        2
                text30                         000C67  000017  000C7E      18CE       0  CODE        2
                maintext                       000C7E  000018  000C96      18FC       0  CODE        2
                text29                         000C96  000019  000CAF      192C       0  CODE        2
                text28                         000CAF  00001B  000CCA      195E       0  CODE        2
                text7                          000CCA  00001C  000CE6      1994       0  CODE        2
                text26                         000CE6  00001F  000D05      19CC       0  CODE        2
                text13                         000D05  000021  000D26      1A0A       0  CODE        2
                text9                          000D26  000021  000D47      1A4C       0  CODE        2
                text25                         000D47  000024  000D6B      1A8E       0  CODE        2
                text23                         000D6B  00002C  000D97      1AD6       0  CODE        2
                text16                         000D97  00002D  000DC4      1B2E       0  CODE        2
                text22                         000DC4  00002F  000DF3      1B88       0  CODE        2
                text18                         000DF3  000030  000E23      1BE6       0  CODE        2
                text27                         000E23  000036  000E59      1C46       0  CODE        2
                text8                          000E59  000045  000E9E      1CB2       0  CODE        2
                text4                          000E9E  000049  000EE7      1D3C       0  CODE        2
                text34                         000EE7  000051  000F38      1DCE       0  CODE        2
                text21                         000F38  000059  000F91      1E70       0  CODE        2
                text5                          000F91  00006F  001000      1F22       0  CODE        2
                config                         008007  000002  008009     1000E       0  CONFIG      2


UNUSED ADDRESS RANGES

        Name                Unused          Largest block    Delta
        BANK0            00066-0006F               A           1
        BANK1            000DE-000EF              12           1
        BANK2            00120-0016F              50           1
        BIGRAM           02000-020EF              F0           1
        CODE             00002-00003               2           2
                         00826-00C1A             3F5
        CONST            00002-00003               2           2
                         00826-00C1A             100
        EEDATA           0F000-0F0FF             100           2
        ENTRY            00002-00003               2           2
                         00826-00C1A             100
        IDLOC            08000-08003               4           2
        RAM              00066-0006F               A           1
                         000DE-000EF              12
                         00120-0016F              50
        SFR0             00000-0001F              20           1
        SFR1             00080-0009F              20           1
        SFR10            00500-0056F              70           1
        SFR11            00580-005EF              70           1
        SFR12            00600-0066F              70           1
        SFR13            00680-006EF              70           1
        SFR14            00700-0076F              70           1
        SFR15            00780-007EF              70           1
        SFR16            00800-0086F              70           1
        SFR17            00880-008EF              70           1
        SFR18            00900-0096F              70           1
        SFR19            00980-009EF              70           1
        SFR2             00100-0011F              20           1
        SFR20            00A00-00A6F              70           1
        SFR21            00A80-00AEF              70           1
        SFR22            00B00-00B6F              70           1
        SFR23            00B80-00BEF              70           1
        SFR24            00C00-00C6F              70           1
        SFR25            00C80-00CEF              70           1
        SFR26            00D00-00D6F              70           1
        SFR27            00D80-00DEF              70           1
        SFR28            00E00-00E6F              70           1
        SFR29            00E80-00EEF              70           1
        SFR3             00180-001EF              70           1
        SFR30            00F00-00F6F              70           1
        SFR31            00F80-00FEF              70           1
        SFR4             00200-0026F              70           1
        SFR5             00280-002EF              70           1
        SFR6             00300-0036F              70           1
        SFR7             00380-003EF              70           1
        SFR8             00400-0046F              70           1
        SFR9             00480-004EF              70           1
        STACK            0208E-020EF              62           1
        STRCODE          00002-00003               2           2
                         00826-00C1A             3F5
        STRING           00002-00003               2           2
                         00826-00C1A             100

                                  Symbol Table

?___awdiv                    cstackCOMMON 00070
?___lwmod                    cstackBANK0  00022
DEcrypt@_key                 cstackBANK0  0002A
DEcrypt@bitk                 cstackBANK0  00040
DEcrypt@index                cstackBANK0  00044
DEcrypt@res                  cstackBANK0  0003F
DEcrypt@source               cstackBANK0  00046
Uart1SendByte@Byte           cstackBANK0  00026
_ACK                         bssBANK0     00062
_ACK_data                    bssBANK0     00061
_ADDEN                       (abs)        00CEB
_ANSELA                      (abs)        0018C
_APFCON0                     (abs)        0011D
_BAUDCON                     (abs)        0019F
_BRG16                       (abs)        00CFB
_BRGH                        (abs)        00CF2
_CARRY                       (abs)        00018
_CREN                        (abs)        00CEC
_CSRC                        (abs)        00CF7
_CUSTOMER_code               stringtext2  0081E
_DEcrypt                     text24       0047D
_EEADR                       (abs)        00191
_EECON1                      (abs)        00195
_EECON2                      (abs)        00196
_EEDATA                      (abs)        00193
_FERR                        (abs)        00CEA
_GIE                         (abs)        0005F
_ISR                         intentry     00004
_Init_Uart                   text13       00D05
_NLF                         stringtext1  007FE
_OERR                        (abs)        00CE9
_OPTION_REG                  (abs)        00095
_OSCCON                      (abs)        00099
_RA2                         (abs)        00062
_RA4                         (abs)        00064
_RA5                         (abs)        00065
_RCIE                        (abs)        0048D
_RCIF                        (abs)        0008D
_RCREG                       (abs)        00199
_RD                          (abs)        00CA8
_RX9                         (abs)        00CEE
_SPBRGH                      (abs)        0019C
_SPBRGL                      (abs)        0019B
_SPEN                        (abs)        00CEF
_SREN                        (abs)        00CED
_SYNC                        (abs)        00CF4
_T0IE                        (abs)        0005D
_T0IF                        (abs)        0005A
_TMR0                        (abs)        00015
_TMR0IF                      (abs)        0005A
_TRISA                       (abs)        0008C
_TRISAbits                   (abs)        0008C
_TRISC                       (abs)        0008E
_TRMT                        (abs)        00CF1
_TX9                         (abs)        00CF6
_TX9D                        (abs)        00CF0
_TXEN                        (abs)        00CF5
_TXREG                       (abs)        0019A
_Uart1SendByte               text29       00C96
_WDTCON                      (abs)        00097
_WR                          (abs)        00CA9
_WREN                        (abs)        00CAA
__CFG_BOREN$ON               (abs)        00000
__CFG_CP$ON                  (abs)        00000
__CFG_CPD$OFF                (abs)        00000
__CFG_FCMEN$ON               (abs)        00000
__CFG_FOSC$INTOSC            (abs)        00000
__CFG_IESO$OFF               (abs)        00000
__CFG_LVP$OFF                (abs)        00000
__CFG_MCLRE$OFF              (abs)        00000
__CFG_PLLEN$OFF              (abs)        00000
__CFG_PWRTE$ON               (abs)        00000
__CFG_WDTE$ON                (abs)        00000
__Habs1                      abs1         00000
__Hbank0                     bank0        00000
__Hbank1                     bank1        00000
__Hbank10                    bank10       00000
__Hbank11                    bank11       00000
__Hbank12                    bank12       00000
__Hbank13                    bank13       00000
__Hbank14                    bank14       00000
__Hbank15                    bank15       00000
__Hbank16                    bank16       00000
__Hbank17                    bank17       00000
__Hbank18                    bank18       00000
__Hbank19                    bank19       00000
__Hbank2                     bank2        00000
__Hbank20                    bank20       00000
__Hbank21                    bank21       00000
__Hbank22                    bank22       00000
__Hbank23                    bank23       00000
__Hbank24                    bank24       00000
__Hbank25                    bank25       00000
__Hbank26                    bank26       00000
__Hbank27                    bank27       00000
__Hbank28                    bank28       00000
__Hbank29                    bank29       00000
__Hbank3                     bank3        00000
__Hbank30                    bank30       00000
__Hbank31                    bank31       00000
__Hbank4                     bank4        00000
__Hbank5                     bank5        00000
__Hbank6                     bank6        00000
__Hbank7                     bank7        00000
__Hbank8                     bank8        00000
__Hbank9                     bank9        00000
__Hbigram                    bigram       00000
__HbssBANK0                  bssBANK0     00000
__HbssBANK1                  bssBANK1     00000
__Hcinit                     cinit        00056
__Hclrtext                   clrtext      00000
__Hcode                      code         00000
__Hcommon                    common       00000
__Hconfig                    config       08009
__HcstackBANK0               cstackBANK0  00000
__HcstackCOMMON              cstackCOMMON 00000
__HdataBANK1                 dataBANK1    00000
__Heeprom_data               eeprom_data  00000
__Hend_init                  end_init     0003A
__Hfunctab                   functab      00000
__HidataBANK1                idataBANK1   00000
__Hidloc                     idloc        00000
__Hinit                      init         00038
__Hinittext                  inittext     00000
__Hintentry                  intentry     00038
__Hmaintext                  maintext     00000
__Hpowerup                   powerup      00000
__Hram                       ram          00000
__Hreset_vec                 reset_vec    00002
__Hsfr0                      sfr0         00000
__Hsfr1                      sfr1         00000
__Hsfr10                     sfr10        00000
__Hsfr11                     sfr11        00000
__Hsfr12                     sfr12        00000
__Hsfr13                     sfr13        00000
__Hsfr14                     sfr14        00000
__Hsfr15                     sfr15        00000
__Hsfr16                     sfr16        00000
__Hsfr17                     sfr17        00000
__Hsfr18                     sfr18        00000
__Hsfr19                     sfr19        00000
__Hsfr2                      sfr2         00000
__Hsfr20                     sfr20        00000
__Hsfr21                     sfr21        00000
__Hsfr22                     sfr22        00000
__Hsfr23                     sfr23        00000
__Hsfr24                     sfr24        00000
__Hsfr25                     sfr25        00000
__Hsfr26                     sfr26        00000
__Hsfr27                     sfr27        00000
__Hsfr28                     sfr28        00000
__Hsfr29                     sfr29        00000
__Hsfr3                      sfr3         00000
__Hsfr30                     sfr30        00000
__Hsfr31                     sfr31        00000
__Hsfr4                      sfr4         00000
__Hsfr5                      sfr5         00000
__Hsfr6                      sfr6         00000
__Hsfr7                      sfr7         00000
__Hsfr8                      sfr8         00000
__Hsfr9                      sfr9         00000
__Hspace_0                   (abs)        08009
__Hspace_1                   (abs)        000DE
__Hspace_2                   (abs)        00000
__Hspace_3                   (abs)        00000
__Hstack                     stack        00000
__Hstrings                   strings      00000
__Hstringtext1               stringtext1  00000
__Hstringtext2               stringtext2  00000
__Htext                      text         00000
__Labs1                      abs1         00000
__Lbank0                     bank0        00000
__Lbank1                     bank1        00000
__Lbank10                    bank10       00000
__Lbank11                    bank11       00000
__Lbank12                    bank12       00000
__Lbank13                    bank13       00000
__Lbank14                    bank14       00000
__Lbank15                    bank15       00000
__Lbank16                    bank16       00000
__Lbank17                    bank17       00000
__Lbank18                    bank18       00000
__Lbank19                    bank19       00000
__Lbank2                     bank2        00000
__Lbank20                    bank20       00000
__Lbank21                    bank21       00000
__Lbank22                    bank22       00000
__Lbank23                    bank23       00000
__Lbank24                    bank24       00000
__Lbank25                    bank25       00000
__Lbank26                    bank26       00000
__Lbank27                    bank27       00000
__Lbank28                    bank28       00000
__Lbank29                    bank29       00000
__Lbank3                     bank3        00000
__Lbank30                    bank30       00000
__Lbank31                    bank31       00000
__Lbank4                     bank4        00000
__Lbank5                     bank5        00000
__Lbank6                     bank6        00000
__Lbank7                     bank7        00000
__Lbank8                     bank8        00000
__Lbank9                     bank9        00000
__Lbigram                    bigram       00000
__LbssBANK0                  bssBANK0     00000
__LbssBANK1                  bssBANK1     00000
__Lcinit                     cinit        0003A
__Lclrtext                   clrtext      00000
__Lcode                      code         00000
__Lcommon                    common       00000
__Lconfig                    config       08007
__LcstackBANK0               cstackBANK0  00000
__LcstackCOMMON              cstackCOMMON 00000
__LdataBANK1                 dataBANK1    00000
__Leeprom_data               eeprom_data  00000
__Lend_init                  end_init     00038
__Lfunctab                   functab      00000
__LidataBANK1                idataBANK1   00000
__Lidloc                     idloc        00000
__Linit                      init         00038
__Linittext                  inittext     00000
__Lintentry                  intentry     00004
__Lmaintext                  maintext     00000
__Lpowerup                   powerup      00000
__Lram                       ram          00000
__Lreset_vec                 reset_vec    00000
__Lsfr0                      sfr0         00000
__Lsfr1                      sfr1         00000
__Lsfr10                     sfr10        00000
__Lsfr11                     sfr11        00000
__Lsfr12                     sfr12        00000
__Lsfr13                     sfr13        00000
__Lsfr14                     sfr14        00000
__Lsfr15                     sfr15        00000
__Lsfr16                     sfr16        00000
__Lsfr17                     sfr17        00000
__Lsfr18                     sfr18        00000
__Lsfr19                     sfr19        00000
__Lsfr2                      sfr2         00000
__Lsfr20                     sfr20        00000
__Lsfr21                     sfr21        00000
__Lsfr22                     sfr22        00000
__Lsfr23                     sfr23        00000
__Lsfr24                     sfr24        00000
__Lsfr25                     sfr25        00000
__Lsfr26                     sfr26        00000
__Lsfr27                     sfr27        00000
__Lsfr28                     sfr28        00000
__Lsfr29                     sfr29        00000
__Lsfr3                      sfr3         00000
__Lsfr30                     sfr30        00000
__Lsfr31                     sfr31        00000
__Lsfr4                      sfr4         00000
__Lsfr5                      sfr5         00000
__Lsfr6                      sfr6         00000
__Lsfr7                      sfr7         00000
__Lsfr8                      sfr8         00000
__Lsfr9                      sfr9         00000
__Lspace_0                   (abs)        00000
__Lspace_1                   (abs)        00000
__Lspace_2                   (abs)        00000
__Lspace_3                   (abs)        00000
__Lstack                     stack        00000
__Lstrings                   strings      00000
__Lstringtext1               stringtext1  00000
__Lstringtext2               stringtext2  00000
__Ltext                      text         00000
__S0                         (abs)        08009
__S1                         (abs)        000DE
__S2                         (abs)        00000
__S3                         (abs)        00000
___awdiv                     text34       00EE7
___awdiv@counter             cstackCOMMON 00075
___awdiv@dividend            cstackCOMMON 00072
___awdiv@divisor             cstackCOMMON 00070
___awdiv@quotient            cstackCOMMON 00077
___awdiv@sign                cstackCOMMON 00076
___int_sp                    stack        00000
___latbits                   (abs)        00001
___lwmod                     text16       00D97
___lwmod@counter             cstackBANK0  00027
___lwmod@dividend            cstackBANK0  00024
___lwmod@divisor             cstackBANK0  00022
___sp                        stack        00000
__end_of_CUSTOMER_code       stringtext2  00826
__end_of_DEcrypt             text24       0059A
__end_of_ISR                 intentry     00038
__end_of_Init_Uart           text13       00D26
__end_of_NLF                 stringtext1  0081E
__end_of_Uart1SendByte       text29       00CAF
__end_of___awdiv             text34       00F38
__end_of___lwmod             text16       00DC4
__end_of__initialization     cinit        00052
__end_of_clear_ack           text31       00C1E
__end_of_door_transmit       text2        007FE
__end_of_eeprom_read         text9        00D47
__end_of_eeprom_write        text23       00D97
__end_of_equipment_type      text28       00CCA
__end_of_equipmet_uart_send  text27       00E59
__end_of_even_check          text30       00C7E
__end_of_getBit              text25       00D6B
__end_of_get_ack             text15       00C24
__end_of_get_ack_data        text14       00C27
__end_of_init_fosc           text12       00C2D
__end_of_init_timer0         text11       00C43
__end_of_led_ctrl            text26       00D05
__end_of_led_init            text10       00C67
__end_of_led_task            text18       00E23
__end_of_main                maintext     00C96
__end_of_match_code          text1        00743
__end_of_remote_clear        text22       00DF3
__end_of_remote_gkey         text21       00F91
__end_of_remote_hits         text20       00210
__end_of_remote_init         text8        00E9E
__end_of_remote_learn        text17       0047D
__end_of_remote_timer_task   text33       00677
__end_of_repeat_lock         text19       00C21
__end_of_standby             text3        0035B
__end_of_sys_init            text7        00CE6
__end_of_sys_power_on        text4        00EE7
__end_of_sys_task            text6        00C4D
__end_of_wifi_transmit       text5        01000
__initialization             cinit        0003A
__pbssBANK0                  bssBANK0     00061
__pbssBANK1                  bssBANK1     000A0
__pcstackBANK0               cstackBANK0  00020
__pcstackCOMMON              cstackCOMMON 00070
__pdataBANK1                 dataBANK1    000D4
__pidataBANK1                idataBANK1   00C4D
__pintentry                  intentry     00004
__pmaintext                  maintext     00C7E
__pstringtext1               stringtext1  007FE
__pstringtext2               stringtext2  0081E
__ptext1                     text1        00677
__ptext10                    text10       00C57
__ptext11                    text11       00C39
__ptext12                    text12       00C27
__ptext13                    text13       00D05
__ptext14                    text14       00C24
__ptext15                    text15       00C21
__ptext16                    text16       00D97
__ptext17                    text17       0035B
__ptext18                    text18       00DF3
__ptext19                    text19       00C1E
__ptext2                     text2        00743
__ptext20                    text20       00056
__ptext21                    text21       00F38
__ptext22                    text22       00DC4
__ptext23                    text23       00D6B
__ptext24                    text24       0047D
__ptext25                    text25       00D47
__ptext26                    text26       00CE6
__ptext27                    text27       00E23
__ptext28                    text28       00CAF
__ptext29                    text29       00C96
__ptext3                     text3        00210
__ptext30                    text30       00C67
__ptext31                    text31       00C1B
__ptext33                    text33       0059A
__ptext34                    text34       00EE7
__ptext4                     text4        00E9E
__ptext5                     text5        00F91
__ptext6                     text6        00C43
__ptext7                     text7        00CCA
__ptext8                     text8        00E59
__ptext9                     text9        00D26
__size_of_DEcrypt            (abs)        00000
__size_of_ISR                (abs)        00000
__size_of_Init_Uart          (abs)        00000
__size_of_Uart1SendByte      (abs)        00000
__size_of___awdiv            (abs)        00000
__size_of___lwmod            (abs)        00000
__size_of_clear_ack          (abs)        00000
__size_of_door_transmit      (abs)        00000
__size_of_eeprom_read        (abs)        00000
__size_of_eeprom_write       (abs)        00000
__size_of_equipment_type     (abs)        00000
__size_of_equipmet_uart_send (abs)        00000
__size_of_even_check         (abs)        00000
__size_of_getBit             (abs)        00000
__size_of_get_ack            (abs)        00000
__size_of_get_ack_data       (abs)        00000
__size_of_init_fosc          (abs)        00000
__size_of_init_timer0        (abs)        00000
__size_of_led_ctrl           (abs)        00000
__size_of_led_init           (abs)        00000
__size_of_led_task           (abs)        00000
__size_of_main               (abs)        00000
__size_of_match_code         (abs)        00000
__size_of_remote_clear       (abs)        00000
__size_of_remote_gkey        (abs)        00000
__size_of_remote_hits        (abs)        00000
__size_of_remote_init        (abs)        00000
__size_of_remote_learn       (abs)        00000
__size_of_remote_timer_task  (abs)        00000
__size_of_repeat_lock        (abs)        00000
__size_of_standby            (abs)        00000
__size_of_sys_init           (abs)        00000
__size_of_sys_power_on       (abs)        00000
__size_of_sys_task           (abs)        00000
__size_of_wifi_transmit      (abs)        00000
_clear_ack                   text31       00C1B
_door_transmit               text2        00743
_eeprom_read                 text9        00D26
_eeprom_write                text23       00D6B
_equipment_type              text28       00CAF
_equipmet_uart_send          text27       00E23
_even_check                  text30       00C67
_getBit                      text25       00D47
_get_ack                     text15       00C21
_get_ack_data                text14       00C24
_init_fosc                   text12       00C27
_init_timer0                 text11       00C39
_led_ctrl                    text26       00CE6
_led_init                    text10       00C57
_led_task                    text18       00DF3
_main                        maintext     00C7E
_match_code                  text1        00677
_remote_clear                text22       00DC4
_remote_gkey                 text21       00F38
_remote_hits                 text20       00056
_remote_init                 text8        00E59
_remote_learn                text17       0035B
_remote_timer_task           text33       0059A
_remoter                     bssBANK1     000A7
_repeat_lock                 text19       00C1E
_st_led                      bssBANK1     000A0
_standby                     text3        00210
_sys_cnt                     bssBANK0     00063
_sys_ctrl                    bssBANK1     000C9
_sys_fun                     dataBANK1    000D4
_sys_init                    text7        00CCA
_sys_power_on                text4        00E9E
_sys_power_on$208            cstackBANK0  00028
_sys_task                    text6        00C43
_wifi_transmit               text5        00F91
_wifi_transmit$215           cstackBANK0  0005A
btemp                        (abs)        0007E
clear_ram0                   clrtext      00C2D
door_transmit@key            cstackBANK0  0005A
eeprom_read@addr             cstackBANK0  00025
eeprom_write@addr            cstackBANK0  00025
eeprom_write@value           cstackBANK0  00022
end_of_initialization        cinit        00052
equipmet_uart_send@data      cstackBANK0  00028
even_check@data              cstackBANK0  00024
even_check@res               cstackBANK0  00023
getBit@n                     cstackBANK0  00024
getBit@source                cstackBANK0  00022
init_ram                     inittext     00C33
int$flags                    (abs)        0007E
intlevel0                    functab      00000
intlevel1                    functab      00000
intlevel2                    functab      00000
intlevel3                    functab      00000
intlevel4                    functab      00000
intlevel5                    functab      00000
led_ctrl@period              cstackBANK0  00022
led_ctrl@times               cstackBANK0  00024
remote_clear@index           cstackBANK0  00027
remote_gkey@buf              cstackBANK0  00024
remote_gkey@index            cstackBANK0  00025
remote_hits@counter_rf       cstackBANK0  00054
remote_hits@counter_save     cstackBANK0  00056
remote_hits@index            cstackBANK0  00058
remote_hits@rf_buf           cstackBANK0  0004C
remote_init@index            cstackBANK0  00027
remote_learn@flag            cstackBANK0  00047
remote_learn@index           cstackBANK0  0005B
remote_learn@lrn_buf         cstackBANK0  0004A
remote_learn@pbuf            cstackBANK0  0005A
remote_learn@rf_buf          cstackBANK0  00052
remote_timer_task@btidx      cstackCOMMON 0007D
remote_timer_task@byidx      cstackCOMMON 0007C
remote_timer_task@lv_cnt     bssBANK0     00065
reset_vec                    reset_vec    00000
stackhi                      (abs)        020EF
stacklo                      (abs)        0208E
standby@key                  cstackBANK0  0005A
start                        init         00038
start_initialization         cinit        0003A
wifi_transmit@key            cstackBANK0  0005C
wtemp0                       (abs)        0007E


FUNCTION INFORMATION:

 *************** function _main *****************
 Defined at:
		line 48 in file "source/main.c"
 Parameters:    Size  Location     Type
  argc            2   61[BANK0 ] int 
  argv            2   63[BANK0 ] PTR PTR unsigned char 
 Auto vars:     Size  Location     Type
		None
 Return value:  Size  Location     Type
                  2   61[BANK0 ] int 
 Registers used:
		wreg, fsr0l, fsr0h, fsr1l, fsr1h, status,2, status,0, pclath, cstack
 Tracked objects:
		On entry : 
		On exit  : 
		Unchanged: 
 Data sizes:     COMMON   BANK0   BANK1   BANK2
      Params:         0       4       0       0
      Locals:         0       0       0       0
      Temps:          0       0       0       0
      Totals:         0       4       0       0
Total ram usage:        4 bytes
 Hardware stack levels required when called:    7
 This function calls:
		_door_transmit
		_led_task
		_match_code
		_standby
		_sys_init
		_sys_power_on
		_sys_task
		_wifi_transmit
 This function is called by:
		Startup code after reset
 This function uses a non-reentrant model


 *************** function _match_code *****************
 Defined at:
		line 279 in file "source/main.c"
 Parameters:    Size  Location     Type
		None
 Auto vars:     Size  Location     Type
		None
 Return value:  Size  Location     Type
                  1    wreg      void 
 Registers used:
		wreg, fsr0l, fsr0h, fsr1l, fsr1h, status,2, status,0, pclath, cstack
 Tracked objects:
		On entry : 
		On exit  : 
		Unchanged: 
 Data sizes:     COMMON   BANK0   BANK1   BANK2
      Params:         0       0       0       0
      Locals:         0       0       0       0
      Temps:          0       1       0       0
      Totals:         0       1       0       0
Total ram usage:        1 bytes
 Hardware stack levels used:    1
 Hardware stack levels required when called:    6
 This function calls:
		_led_ctrl
		_remote_clear
		_remote_learn
 This function is called by:
		_main
 This function uses a non-reentrant model


 *************** function _door_transmit *****************
 Defined at:
		line 177 in file "source/main.c"
 Parameters:    Size  Location     Type
		None
 Auto vars:     Size  Location     Type
  key             1   58[BANK0 ] unsigned char 
 Return value:  Size  Location     Type
                  1    wreg      void 
 Registers used:
		wreg, fsr0l, fsr0h, fsr1l, fsr1h, status,2, status,0, pclath, cstack
 Tracked objects:
		On entry : 
		On exit  : 
		Unchanged: 
 Data sizes:     COMMON   BANK0   BANK1   BANK2
      Params:         0       0       0       0
      Locals:         0       1       0       0
      Temps:          0       1       0       0
      Totals:         0       2       0       0
Total ram usage:        2 bytes
 Hardware stack levels used:    1
 Hardware stack levels required when called:    6
 This function calls:
		_clear_ack
		_equipmet_uart_send
		_led_ctrl
		_remote_hits
		_repeat_lock
 This function is called by:
		_main
 This function uses a non-reentrant model


 *************** function _standby *****************
 Defined at:
		line 95 in file "source/main.c"
 Parameters:    Size  Location     Type
		None
 Auto vars:     Size  Location     Type
  key             1   58[BANK0 ] unsigned char 
 Return value:  Size  Location     Type
                  1    wreg      void 
 Registers used:
		wreg, fsr0l, fsr0h, fsr1l, fsr1h, status,2, status,0, pclath, cstack
 Tracked objects:
		On entry : 
		On exit  : 
		Unchanged: 
 Data sizes:     COMMON   BANK0   BANK1   BANK2
      Params:         0       0       0       0
      Locals:         0       1       0       0
      Temps:          0       1       0       0
      Totals:         0       2       0       0
Total ram usage:        2 bytes
 Hardware stack levels used:    1
 Hardware stack levels required when called:    6
 This function calls:
		___lwmod
		_clear_ack
		_equipment_type
		_equipmet_uart_send
		_get_ack
		_get_ack_data
		_led_ctrl
		_remote_hits
 This function is called by:
		_main
 This function uses a non-reentrant model


 *************** function _sys_power_on *****************
 Defined at:
		line 74 in file "source/main.c"
 Parameters:    Size  Location     Type
		None
 Auto vars:     Size  Location     Type
		None
 Return value:  Size  Location     Type
                  1    wreg      void 
 Registers used:
		wreg, status,2, status,0, pclath, cstack
 Tracked objects:
		On entry : 
		On exit  : 
		Unchanged: 
 Data sizes:     COMMON   BANK0   BANK1   BANK2
      Params:         0       0       0       0
      Locals:         0       2       0       0
      Temps:          0       2       0       0
      Totals:         0       4       0       0
Total ram usage:        4 bytes
 Hardware stack levels used:    1
 Hardware stack levels required when called:    4
 This function calls:
		_led_ctrl
 This function is called by:
		_main
 This function uses a non-reentrant model


 *************** function _wifi_transmit *****************
 Defined at:
		line 239 in file "source/main.c"
 Parameters:    Size  Location     Type
		None
 Auto vars:     Size  Location     Type
  key             1   60[BANK0 ] unsigned char 
 Return value:  Size  Location     Type
                  1    wreg      void 
 Registers used:
		wreg, fsr0l, fsr0h, fsr1l, fsr1h, status,2, status,0, pclath, cstack
 Tracked objects:
		On entry : 
		On exit  : 
		Unchanged: 
 Data sizes:     COMMON   BANK0   BANK1   BANK2
      Params:         0       0       0       0
      Locals:         0       3       0       0
      Temps:          0       1       0       0
      Totals:         0       4       0       0
Total ram usage:        4 bytes
 Hardware stack levels used:    1
 Hardware stack levels required when called:    6
 This function calls:
		_clear_ack
		_equipmet_uart_send
		_led_ctrl
		_remote_hits
		_repeat_lock
 This function is called by:
		_main
 This function uses a non-reentrant model


 *************** function _sys_task *****************
 Defined at:
		line 45 in file "source/timer.c"
 Parameters:    Size  Location     Type
		None
 Auto vars:     Size  Location     Type
		None
 Return value:  Size  Location     Type
                  1    wreg      unsigned char 
 Registers used:
		wreg, status,2
 Tracked objects:
		On entry : 
		On exit  : 
		Unchanged: 
 Data sizes:     COMMON   BANK0   BANK1   BANK2
      Params:         0       0       0       0
      Locals:         0       0       0       0
      Temps:          0       0       0       0
      Totals:         0       0       0       0
Total ram usage:        0 bytes
 Hardware stack levels used:    1
 Hardware stack levels required when called:    3
 This function calls:
		Nothing
 This function is called by:
		_main
 This function uses a non-reentrant model


 *************** function _sys_init *****************
 Defined at:
		line 58 in file "source/main.c"
 Parameters:    Size  Location     Type
		None
 Auto vars:     Size  Location     Type
		None
 Return value:  Size  Location     Type
                  1    wreg      void 
 Registers used:
		wreg, fsr1l, fsr1h, status,2, status,0, pclath, cstack
 Tracked objects:
		On entry : 
		On exit  : 
		Unchanged: 
 Data sizes:     COMMON   BANK0   BANK1   BANK2
      Params:         0       0       0       0
      Locals:         0       0       0       0
      Temps:          0       0       0       0
      Totals:         0       0       0       0
Total ram usage:        0 bytes
 Hardware stack levels used:    1
 Hardware stack levels required when called:    5
 This function calls:
		_Init_Uart
		_init_fosc
		_init_timer0
		_led_init
		_remote_init
 This function is called by:
		_main
 This function uses a non-reentrant model


 *************** function _remote_init *****************
 Defined at:
		line 12 in file "source/remote.c"
 Parameters:    Size  Location     Type
		None
 Auto vars:     Size  Location     Type
  index           1    7[BANK0 ] unsigned char 
 Return value:  Size  Location     Type
                  1    wreg      void 
 Registers used:
		wreg, fsr1l, fsr1h, status,2, status,0, pclath, cstack
 Tracked objects:
		On entry : 
		On exit  : 
		Unchanged: 
 Data sizes:     COMMON   BANK0   BANK1   BANK2
      Params:         0       0       0       0
      Locals:         0       1       0       0
      Temps:          0       1       0       0
      Totals:         0       2       0       0
Total ram usage:        2 bytes
 Hardware stack levels used:    1
 Hardware stack levels required when called:    4
 This function calls:
		_eeprom_read
 This function is called by:
		_sys_init
 This function uses a non-reentrant model


 *************** function _eeprom_read *****************
 Defined at:
		line 6 in file "C:\Program Files (x86)\Microchip\xc8\v1.45\sources\pic\eeread.c"
 Parameters:    Size  Location     Type
  addr            1    wreg     unsigned char 
 Auto vars:     Size  Location     Type
  addr            1    5[BANK0 ] unsigned char 
 Return value:  Size  Location     Type
                  1    wreg      unsigned char 
 Registers used:
		wreg, status,2, status,0
 Tracked objects:
		On entry : 
		On exit  : 
		Unchanged: 
 Data sizes:     COMMON   BANK0   BANK1   BANK2
      Params:         0       0       0       0
      Locals:         0       1       0       0
      Temps:          0       3       0       0
      Totals:         0       4       0       0
Total ram usage:        4 bytes
 Hardware stack levels used:    1
 Hardware stack levels required when called:    3
 This function calls:
		Nothing
 This function is called by:
		_remote_init
 This function uses a non-reentrant model


 *************** function _led_init *****************
 Defined at:
		line 8 in file "source/ledTask.c"
 Parameters:    Size  Location     Type
		None
 Auto vars:     Size  Location     Type
		None
 Return value:  Size  Location     Type
                  1    wreg      void 
 Registers used:
		wreg, status,2, status,0
 Tracked objects:
		On entry : 
		On exit  : 
		Unchanged: 
 Data sizes:     COMMON   BANK0   BANK1   BANK2
      Params:         0       0       0       0
      Locals:         0       0       0       0
      Temps:          0       1       0       0
      Totals:         0       1       0       0
Total ram usage:        1 bytes
 Hardware stack levels used:    1
 Hardware stack levels required when called:    3
 This function calls:
		Nothing
 This function is called by:
		_sys_init
 This function uses a non-reentrant model


 *************** function _init_timer0 *****************
 Defined at:
		line 12 in file "source/timer.c"
 Parameters:    Size  Location     Type
		None
 Auto vars:     Size  Location     Type
		None
 Return value:  Size  Location     Type
                  1    wreg      void 
 Registers used:
		wreg
 Tracked objects:
		On entry : 
		On exit  : 
		Unchanged: 
 Data sizes:     COMMON   BANK0   BANK1   BANK2
      Params:         0       0       0       0
      Locals:         0       0       0       0
      Temps:          0       0       0       0
      Totals:         0       0       0       0
Total ram usage:        0 bytes
 Hardware stack levels used:    1
 Hardware stack levels required when called:    3
 This function calls:
		Nothing
 This function is called by:
		_sys_init
 This function uses a non-reentrant model


 *************** function _init_fosc *****************
 Defined at:
		line 5 in file "source/clkset.c"
 Parameters:    Size  Location     Type
		None
 Auto vars:     Size  Location     Type
		None
 Return value:  Size  Location     Type
                  1    wreg      void 
 Registers used:
		wreg
 Tracked objects:
		On entry : 
		On exit  : 
		Unchanged: 
 Data sizes:     COMMON   BANK0   BANK1   BANK2
      Params:         0       0       0       0
      Locals:         0       0       0       0
      Temps:          0       0       0       0
      Totals:         0       0       0       0
Total ram usage:        0 bytes
 Hardware stack levels used:    1
 Hardware stack levels required when called:    3
 This function calls:
		Nothing
 This function is called by:
		_sys_init
 This function uses a non-reentrant model


 *************** function _Init_Uart *****************
 Defined at:
		line 11 in file "source/usart.c"
 Parameters:    Size  Location     Type
		None
 Auto vars:     Size  Location     Type
		None
 Return value:  Size  Location     Type
                  1    wreg      void 
 Registers used:
		wreg, status,2, status,0
 Tracked objects:
		On entry : 
		On exit  : 
		Unchanged: 
 Data sizes:     COMMON   BANK0   BANK1   BANK2
      Params:         0       0       0       0
      Locals:         0       0       0       0
      Temps:          0       1       0       0
      Totals:         0       1       0       0
Total ram usage:        1 bytes
 Hardware stack levels used:    1
 Hardware stack levels required when called:    3
 This function calls:
		Nothing
 This function is called by:
		_sys_init
 This function uses a non-reentrant model


 *************** function _get_ack_data *****************
 Defined at:
		line 51 in file "source/timer.c"
 Parameters:    Size  Location     Type
		None
 Auto vars:     Size  Location     Type
		None
 Return value:  Size  Location     Type
                  1    wreg      unsigned char 
 Registers used:
		wreg
 Tracked objects:
		On entry : 
		On exit  : 
		Unchanged: 
 Data sizes:     COMMON   BANK0   BANK1   BANK2
      Params:         0       0       0       0
      Locals:         0       0       0       0
      Temps:          0       0       0       0
      Totals:         0       0       0       0
Total ram usage:        0 bytes
 Hardware stack levels used:    1
 Hardware stack levels required when called:    3
 This function calls:
		Nothing
 This function is called by:
		_standby
 This function uses a non-reentrant model


 *************** function _get_ack *****************
 Defined at:
		line 36 in file "source/timer.c"
 Parameters:    Size  Location     Type
		None
 Auto vars:     Size  Location     Type
		None
 Return value:  Size  Location     Type
                  1    wreg      unsigned char 
 Registers used:
		wreg
 Tracked objects:
		On entry : 
		On exit  : 
		Unchanged: 
 Data sizes:     COMMON   BANK0   BANK1   BANK2
      Params:         0       0       0       0
      Locals:         0       0       0       0
      Temps:          0       0       0       0
      Totals:         0       0       0       0
Total ram usage:        0 bytes
 Hardware stack levels used:    1
 Hardware stack levels required when called:    3
 This function calls:
		Nothing
 This function is called by:
		_standby
 This function uses a non-reentrant model


 *************** function ___lwmod *****************
 Defined at:
		line 6 in file "C:\Program Files (x86)\Microchip\xc8\v1.45\sources\common\lwmod.c"
 Parameters:    Size  Location     Type
  divisor         2    2[BANK0 ] unsigned int 
  dividend        2    4[BANK0 ] unsigned int 
 Auto vars:     Size  Location     Type
  counter         1    7[BANK0 ] unsigned char 
 Return value:  Size  Location     Type
                  2    2[BANK0 ] unsigned int 
 Registers used:
		wreg, status,2, status,0
 Tracked objects:
		On entry : 
		On exit  : 
		Unchanged: 
 Data sizes:     COMMON   BANK0   BANK1   BANK2
      Params:         0       4       0       0
      Locals:         0       1       0       0
      Temps:          0       1       0       0
      Totals:         0       6       0       0
Total ram usage:        6 bytes
 Hardware stack levels used:    1
 Hardware stack levels required when called:    3
 This function calls:
		Nothing
 This function is called by:
		_standby
 This function uses a non-reentrant model


 *************** function _remote_learn *****************
 Defined at:
		line 225 in file "source/remote.c"
 Parameters:    Size  Location     Type
  pbuf            1    wreg     PTR unsigned char 
		 -> sys_ctrl(11), 
  flag            1   39[BANK0 ] unsigned char 
 Auto vars:     Size  Location     Type
  pbuf            1   58[BANK0 ] PTR unsigned char 
		 -> sys_ctrl(11), 
  rf_buf          8   50[BANK0 ] unsigned char [8]
  lrn_buf         8   42[BANK0 ] unsigned char [8]
  index           1   59[BANK0 ] unsigned char 
 Return value:  Size  Location     Type
                  1    wreg      unsigned char 
 Registers used:
		wreg, fsr0l, fsr0h, fsr1l, fsr1h, status,2, status,0, pclath, cstack
 Tracked objects:
		On entry : 
		On exit  : 
		Unchanged: 
 Data sizes:     COMMON   BANK0   BANK1   BANK2
      Params:         0       1       0       0
      Locals:         0      18       0       0
      Temps:          0       2       0       0
      Totals:         0      21       0       0
Total ram usage:       21 bytes
 Hardware stack levels used:    1
 Hardware stack levels required when called:    5
 This function calls:
		_DEcrypt
		_eeprom_write
		_remote_gkey
 This function is called by:
		_match_code
 This function uses a non-reentrant model


 *************** function _led_task *****************
 Defined at:
		line 18 in file "source/ledTask.c"
 Parameters:    Size  Location     Type
		None
 Auto vars:     Size  Location     Type
		None
 Return value:  Size  Location     Type
                  1    wreg      void 
 Registers used:
		wreg, status,2, status,0
 Tracked objects:
		On entry : 
		On exit  : 
		Unchanged: 
 Data sizes:     COMMON   BANK0   BANK1   BANK2
      Params:         0       0       0       0
      Locals:         0       0       0       0
      Temps:          0       0       0       0
      Totals:         0       0       0       0
Total ram usage:        0 bytes
 Hardware stack levels used:    1
 Hardware stack levels required when called:    3
 This function calls:
		Nothing
 This function is called by:
		_main
 This function uses a non-reentrant model


 *************** function _repeat_lock *****************
 Defined at:
		line 300 in file "source/remote.c"
 Parameters:    Size  Location     Type
		None
 Auto vars:     Size  Location     Type
		None
 Return value:  Size  Location     Type
                  1    wreg      void 
 Registers used:
		status,2
 Tracked objects:
		On entry : 
		On exit  : 
		Unchanged: 
 Data sizes:     COMMON   BANK0   BANK1   BANK2
      Params:         0       0       0       0
      Locals:         0       0       0       0
      Temps:          0       0       0       0
      Totals:         0       0       0       0
Total ram usage:        0 bytes
 Hardware stack levels used:    1
 Hardware stack levels required when called:    3
 This function calls:
		Nothing
 This function is called by:
		_door_transmit
		_wifi_transmit
 This function uses a non-reentrant model


 *************** function _remote_hits *****************
 Defined at:
		line 107 in file "source/remote.c"
 Parameters:    Size  Location     Type
		None
 Auto vars:     Size  Location     Type
  rf_buf          8   44[BANK0 ] unsigned char [8]
  counter_save    2   54[BANK0 ] unsigned short 
  counter_rf      2   52[BANK0 ] unsigned short 
  index           1   56[BANK0 ] unsigned char 
 Return value:  Size  Location     Type
                  1    wreg      unsigned char 
 Registers used:
		wreg, fsr0l, fsr0h, fsr1l, fsr1h, status,2, status,0, pclath, cstack
 Tracked objects:
		On entry : 
		On exit  : 
		Unchanged: 
 Data sizes:     COMMON   BANK0   BANK1   BANK2
      Params:         0       0       0       0
      Locals:         0      13       0       0
      Temps:          0       5       0       0
      Totals:         0      18       0       0
Total ram usage:       18 bytes
 Hardware stack levels used:    1
 Hardware stack levels required when called:    5
 This function calls:
		_DEcrypt
		_eeprom_write
		_equipment_type
		_remote_clear
		_remote_gkey
 This function is called by:
		_standby
		_door_transmit
		_wifi_transmit
 This function uses a non-reentrant model


 *************** function _remote_gkey *****************
 Defined at:
		line 75 in file "source/remote.c"
 Parameters:    Size  Location     Type
  buf             1    wreg     PTR unsigned char 
		 -> remote_learn@rf_buf(8), remote_hits@rf_buf(8), 
 Auto vars:     Size  Location     Type
  buf             1    4[BANK0 ] PTR unsigned char 
		 -> remote_learn@rf_buf(8), remote_hits@rf_buf(8), 
  index           1    5[BANK0 ] unsigned char 
 Return value:  Size  Location     Type
                  1    wreg      unsigned char 
 Registers used:
		wreg, fsr1l, fsr1h, status,2, status,0
 Tracked objects:
		On entry : 
		On exit  : 
		Unchanged: 
 Data sizes:     COMMON   BANK0   BANK1   BANK2
      Params:         0       0       0       0
      Locals:         0       2       0       0
      Temps:          0       2       0       0
      Totals:         0       4       0       0
Total ram usage:        4 bytes
 Hardware stack levels used:    1
 Hardware stack levels required when called:    3
 This function calls:
		Nothing
 This function is called by:
		_remote_hits
		_remote_learn
 This function uses a non-reentrant model


 *************** function _remote_clear *****************
 Defined at:
		line 313 in file "source/remote.c"
 Parameters:    Size  Location     Type
		None
 Auto vars:     Size  Location     Type
  index           1    7[BANK0 ] unsigned char 
 Return value:  Size  Location     Type
                  1    wreg      void 
 Registers used:
		wreg, fsr1l, fsr1h, status,2, status,0, pclath, cstack
 Tracked objects:
		On entry : 
		On exit  : 
		Unchanged: 
 Data sizes:     COMMON   BANK0   BANK1   BANK2
      Params:         0       0       0       0
      Locals:         0       1       0       0
      Temps:          0       1       0       0
      Totals:         0       2       0       0
Total ram usage:        2 bytes
 Hardware stack levels used:    1
 Hardware stack levels required when called:    4
 This function calls:
		_eeprom_write
 This function is called by:
		_match_code
		_remote_hits
 This function uses a non-reentrant model


 *************** function _eeprom_write *****************
 Defined at:
		line 6 in file "C:\Program Files (x86)\Microchip\xc8\v1.45\sources\pic\eewrite.c"
 Parameters:    Size  Location     Type
  addr            1    wreg     unsigned char 
  value           1    2[BANK0 ] unsigned char 
 Auto vars:     Size  Location     Type
  addr            1    5[BANK0 ] unsigned char 
 Return value:  Size  Location     Type
                  1    wreg      void 
 Registers used:
		wreg, status,2, status,0
 Tracked objects:
		On entry : 
		On exit  : 
		Unchanged: 
 Data sizes:     COMMON   BANK0   BANK1   BANK2
      Params:         0       1       0       0
      Locals:         0       1       0       0
      Temps:          0       2       0       0
      Totals:         0       4       0       0
Total ram usage:        4 bytes
 Hardware stack levels used:    1
 Hardware stack levels required when called:    3
 This function calls:
		Nothing
 This function is called by:
		_remote_hits
		_remote_learn
		_remote_clear
 This function uses a non-reentrant model


 *************** function _DEcrypt *****************
 Defined at:
		line 79 in file "source/keeloq.c"
 Parameters:    Size  Location     Type
  source          1    wreg     PTR unsigned char 
		 -> remote_learn@lrn_buf(8), remote_learn@rf_buf(8), remote_hits@rf_buf(8), 
  _key            2   10[BANK0 ] PTR unsigned char 
		 -> CUSTOMER_code(8), remote_learn@lrn_buf(8), remoter(34), 
 Auto vars:     Size  Location     Type
  source          1   38[BANK0 ] PTR unsigned char 
		 -> remote_learn@lrn_buf(8), remote_learn@rf_buf(8), remote_hits@rf_buf(8), 
  bitk            4   32[BANK0 ] unsigned char [4]
  index           2   36[BANK0 ] unsigned short 
  res             1   31[BANK0 ] unsigned char 
 Return value:  Size  Location     Type
                  1    wreg      PTR unsigned char 
 Registers used:
		wreg, fsr0l, fsr0h, fsr1l, fsr1h, status,2, status,0, pclath, cstack
 Tracked objects:
		On entry : 
		On exit  : 
		Unchanged: 
 Data sizes:     COMMON   BANK0   BANK1   BANK2
      Params:         0       2       0       0
      Locals:         0       8       0       0
      Temps:          0      19       0       0
      Totals:         0      29       0       0
Total ram usage:       29 bytes
 Hardware stack levels used:    1
 Hardware stack levels required when called:    4
 This function calls:
		_getBit
 This function is called by:
		_remote_hits
		_remote_learn
 This function uses a non-reentrant model


 *************** function _getBit *****************
 Defined at:
		line 105 in file "source/keeloq.c"
 Parameters:    Size  Location     Type
  source          2    2[BANK0 ] PTR unsigned char 
		 -> CUSTOMER_code(8), remote_learn@lrn_buf(8), remote_learn@rf_buf(8), remote_hits@rf_buf(8), 
		 -> remoter(34), 
  n               2    4[BANK0 ] unsigned short 
 Auto vars:     Size  Location     Type
		None
 Return value:  Size  Location     Type
                  1    wreg      unsigned char 
 Registers used:
		wreg, fsr0l, fsr0h, status,2, status,0, pclath
 Tracked objects:
		On entry : 
		On exit  : 
		Unchanged: 
 Data sizes:     COMMON   BANK0   BANK1   BANK2
      Params:         0       4       0       0
      Locals:         0       0       0       0
      Temps:          0       4       0       0
      Totals:         0       8       0       0
Total ram usage:        8 bytes
 Hardware stack levels used:    1
 Hardware stack levels required when called:    3
 This function calls:
		Nothing
 This function is called by:
		_DEcrypt
 This function uses a non-reentrant model


 *************** function _led_ctrl *****************
 Defined at:
		line 45 in file "source/ledTask.c"
 Parameters:    Size  Location     Type
  period          2    2[BANK0 ] unsigned short 
  times           1    4[BANK0 ] unsigned char 
 Auto vars:     Size  Location     Type
		None
 Return value:  Size  Location     Type
                  1    wreg      void 
 Registers used:
		wreg, status,2, status,0
 Tracked objects:
		On entry : 
		On exit  : 
		Unchanged: 
 Data sizes:     COMMON   BANK0   BANK1   BANK2
      Params:         0       3       0       0
      Locals:         0       0       0       0
      Temps:          0       1       0       0
      Totals:         0       4       0       0
Total ram usage:        4 bytes
 Hardware stack levels used:    1
 Hardware stack levels required when called:    3
 This function calls:
		Nothing
 This function is called by:
		_sys_power_on
		_standby
		_door_transmit
		_wifi_transmit
		_match_code
 This function uses a non-reentrant model


 *************** function _equipmet_uart_send *****************
 Defined at:
		line 337 in file "source/main.c"
 Parameters:    Size  Location     Type
  data            1    wreg     unsigned char 
 Auto vars:     Size  Location     Type
  data            1    8[BANK0 ] unsigned char 
 Return value:  Size  Location     Type
                  1    wreg      void 
 Registers used:
		wreg, status,2, status,0, pclath, cstack
 Tracked objects:
		On entry : 
		On exit  : 
		Unchanged: 
 Data sizes:     COMMON   BANK0   BANK1   BANK2
      Params:         0       0       0       0
      Locals:         0       1       0       0
      Temps:          0       1       0       0
      Totals:         0       2       0       0
Total ram usage:        2 bytes
 Hardware stack levels used:    1
 Hardware stack levels required when called:    5
 This function calls:
		_Uart1SendByte
		_equipment_type
 This function is called by:
		_standby
		_door_transmit
		_wifi_transmit
 This function uses a non-reentrant model


 *************** function _equipment_type *****************
 Defined at:
		line 304 in file "source/remote.c"
 Parameters:    Size  Location     Type
		None
 Auto vars:     Size  Location     Type
		None
 Return value:  Size  Location     Type
                  1    wreg      unsigned char 
 Registers used:
		wreg, status,2, status,0
 Tracked objects:
		On entry : 
		On exit  : 
		Unchanged: 
 Data sizes:     COMMON   BANK0   BANK1   BANK2
      Params:         0       0       0       0
      Locals:         0       0       0       0
      Temps:          0       1       0       0
      Totals:         0       1       0       0
Total ram usage:        1 bytes
 Hardware stack levels used:    1
 Hardware stack levels required when called:    3
 This function calls:
		Nothing
 This function is called by:
		_standby
		_equipmet_uart_send
		_remote_hits
 This function uses a non-reentrant model


 *************** function _Uart1SendByte *****************
 Defined at:
		line 73 in file "source/usart.c"
 Parameters:    Size  Location     Type
  Byte            1    wreg     unsigned char 
 Auto vars:     Size  Location     Type
  Byte            1    6[BANK0 ] unsigned char 
 Return value:  Size  Location     Type
                  1    wreg      void 
 Registers used:
		wreg, status,2, status,0, pclath, cstack
 Tracked objects:
		On entry : 
		On exit  : 
		Unchanged: 
 Data sizes:     COMMON   BANK0   BANK1   BANK2
      Params:         0       0       0       0
      Locals:         0       1       0       0
      Temps:          0       1       0       0
      Totals:         0       2       0       0
Total ram usage:        2 bytes
 Hardware stack levels used:    1
 Hardware stack levels required when called:    4
 This function calls:
		_even_check
 This function is called by:
		_equipmet_uart_send
 This function uses a non-reentrant model


 *************** function _even_check *****************
 Defined at:
		line 102 in file "source/usart.c"
 Parameters:    Size  Location     Type
  data            1    wreg     unsigned char 
 Auto vars:     Size  Location     Type
  data            1    4[BANK0 ] unsigned char 
  res             1    3[BANK0 ] unsigned char 
 Return value:  Size  Location     Type
                  1    wreg      unsigned char 
 Registers used:
		wreg, status,2, status,0
 Tracked objects:
		On entry : 
		On exit  : 
		Unchanged: 
 Data sizes:     COMMON   BANK0   BANK1   BANK2
      Params:         0       0       0       0
      Locals:         0       2       0       0
      Temps:          0       1       0       0
      Totals:         0       3       0       0
Total ram usage:        3 bytes
 Hardware stack levels used:    1
 Hardware stack levels required when called:    3
 This function calls:
		Nothing
 This function is called by:
		_Uart1SendByte
 This function uses a non-reentrant model


 *************** function _clear_ack *****************
 Defined at:
		line 40 in file "source/timer.c"
 Parameters:    Size  Location     Type
		None
 Auto vars:     Size  Location     Type
		None
 Return value:  Size  Location     Type
                  1    wreg      unsigned char 
 Registers used:
		status,2
 Tracked objects:
		On entry : 
		On exit  : 
		Unchanged: 
 Data sizes:     COMMON   BANK0   BANK1   BANK2
      Params:         0       0       0       0
      Locals:         0       0       0       0
      Temps:          0       0       0       0
      Totals:         0       0       0       0
Total ram usage:        0 bytes
 Hardware stack levels used:    1
 Hardware stack levels required when called:    3
 This function calls:
		Nothing
 This function is called by:
		_standby
		_door_transmit
		_wifi_transmit
 This function uses a non-reentrant model


 *************** function _ISR *****************
 Defined at:
		line 20 in file "source/timer.c"
 Parameters:    Size  Location     Type
		None
 Auto vars:     Size  Location     Type
		None
 Return value:  Size  Location     Type
                  1    wreg      void 
 Registers used:
		wreg, fsr1l, fsr1h, status,2, status,0, pclath, cstack
 Tracked objects:
		On entry : 
		On exit  : 
		Unchanged: 
 Data sizes:     COMMON   BANK0   BANK1   BANK2
      Params:         0       0       0       0
      Locals:         0       0       0       0
      Temps:          0       2       0       0
      Totals:         0       2       0       0
Total ram usage:        2 bytes
 Hardware stack levels used:    1
 Hardware stack levels required when called:    2
 This function calls:
		_remote_timer_task
 This function is called by:
		Interrupt level 1
 This function uses a non-reentrant model


 *************** function _remote_timer_task *****************
 Defined at:
		line 35 in file "source/remote.c"
 Parameters:    Size  Location     Type
		None
 Auto vars:     Size  Location     Type
  btidx           1   13[COMMON] unsigned char 
  byidx           1   12[COMMON] unsigned char 
 Return value:  Size  Location     Type
                  1    wreg      void 
 Registers used:
		wreg, fsr1l, fsr1h, status,2, status,0, pclath, cstack
 Tracked objects:
		On entry : 
		On exit  : 
		Unchanged: 
 Data sizes:     COMMON   BANK0   BANK1   BANK2
      Params:         0       0       0       0
      Locals:         2       0       0       0
      Temps:          3       0       0       0
      Totals:         5       0       0       0
Total ram usage:        5 bytes
 Hardware stack levels used:    1
 Hardware stack levels required when called:    1
 This function calls:
		___awdiv
 This function is called by:
		_ISR
 This function uses a non-reentrant model


 *************** function ___awdiv *****************
 Defined at:
		line 6 in file "C:\Program Files (x86)\Microchip\xc8\v1.45\sources\common\awdiv.c"
 Parameters:    Size  Location     Type
  divisor         2    0[COMMON] int 
  dividend        2    2[COMMON] int 
 Auto vars:     Size  Location     Type
  quotient        2    7[COMMON] int 
  sign            1    6[COMMON] unsigned char 
  counter         1    5[COMMON] unsigned char 
 Return value:  Size  Location     Type
                  2    0[COMMON] int 
 Registers used:
		wreg, status,2, status,0
 Tracked objects:
		On entry : 
		On exit  : 
		Unchanged: 
 Data sizes:     COMMON   BANK0   BANK1   BANK2
      Params:         4       0       0       0
      Locals:         4       0       0       0
      Temps:          1       0       0       0
      Totals:         9       0       0       0
Total ram usage:        9 bytes
 Hardware stack levels used:    1
 This function calls:
		Nothing
 This function is called by:
		_remote_timer_task
 This function uses a non-reentrant model



MODULE INFORMATION

Module		Function		Class		Link	Load	Size
C:\Program Files (x86)\Microchip\xc8\v1.45\sources\pic\eeread.c
		_eeprom_read   		CODE           	0D26	0000	34

C:\Program Files (x86)\Microchip\xc8\v1.45\sources\pic\eeread.c estimated size: 34

source/timer.c
		_ISR           		CODE           	0004	0000	53
		_clear_ack     		CODE           	0C1B	0000	4
		_sys_task      		CODE           	0C43	0000	11
		_init_timer0   		CODE           	0C39	0000	11
		_get_ack       		CODE           	0C21	0000	4
		_get_ack_data  		CODE           	0C24	0000	4

source/timer.c estimated size: 87

source/remote.c
		_remote_timer_task		CODE           	059A	0000	222
		_equipment_type		CODE           	0CAF	0000	28
		_remote_init   		CODE           	0E59	0000	70
		_remote_gkey   		CODE           	0F38	0000	90
		_remote_hits   		CODE           	0056	0000	443
		_remote_clear  		CODE           	0DC4	0000	48
		_remote_learn  		CODE           	035B	0000	291
		_repeat_lock   		CODE           	0C1E	0000	4

source/remote.c estimated size: 1196

source/main.c
		_sys_init      		CODE           	0CCA	0000	29
		_main          		CODE           	0C7E	0000	25
		_equipmet_uart_send		CODE           	0E23	0000	55
		_sys_power_on  		CODE           	0E9E	0000	74
		_match_code    		CODE           	0677	0000	205
		_standby       		CODE           	0210	0000	332
		_wifi_transmit 		CODE           	0F91	0000	112
		_door_transmit 		CODE           	0743	0000	188

source/main.c estimated size: 1020

source/clkset.c
		_init_fosc     		CODE           	0C27	0000	7

source/clkset.c estimated size: 7

source/keeloq.c
		_DEcrypt       		CODE           	047D	0000	286
		_getBit        		CODE           	0D47	0000	37

source/keeloq.c estimated size: 323

source/usart.c
		_Init_Uart     		CODE           	0D05	0000	34
		_even_check    		CODE           	0C67	0000	24
		_Uart1SendByte 		CODE           	0C96	0000	26

source/usart.c estimated size: 84

C:\Program Files (x86)\Microchip\xc8\v1.45\sources\common\lwmod.c
		___lwmod       		CODE           	0D97	0000	46

C:\Program Files (x86)\Microchip\xc8\v1.45\sources\common\lwmod.c estimated size: 46

shared
		_CUSTOMER_code 		STRCODE        	081E	0000	9
		__initialization		CODE           	003A	0000	25
		_NLF           		STRCODE        	07FE	0000	33

shared estimated size: 67

C:\Program Files (x86)\Microchip\xc8\v1.45\sources\pic\eewrite.c
		_eeprom_write  		CODE           	0D6B	0000	45

C:\Program Files (x86)\Microchip\xc8\v1.45\sources\pic\eewrite.c estimated size: 45

C:\Program Files (x86)\Microchip\xc8\v1.45\sources\common\awdiv.c
		___awdiv       		CODE           	0EE7	0000	82

C:\Program Files (x86)\Microchip\xc8\v1.45\sources\common\awdiv.c estimated size: 82

source/ledTask.c
		_led_init      		CODE           	0C57	0000	17
		_led_ctrl      		CODE           	0CE6	0000	32
		_led_task      		CODE           	0DF3	0000	49

source/ledTask.c estimated size: 98

